[2026-02-05 15:10:16.848] [info]    ############################################################################
[2026-02-05 15:10:16.848] [info]    CasparCG Server is distributed by the Swedish Broadcasting Corporation (SVT)
[2026-02-05 15:10:16.848] [info]    under the GNU General Public License GPLv3 or higher.
[2026-02-05 15:10:16.848] [info]    Please see LICENSE.TXT for details.
[2026-02-05 15:10:16.848] [info]    http://www.casparcg.com/
[2026-02-05 15:10:16.848] [info]    ############################################################################
[2026-02-05 15:10:16.848] [info]    Starting CasparCG Video and Graphics Playout Server 2.5.0 48fd1eee1 Dev
[2026-02-05 15:10:16.849] [info]    "/Users/olzzon/coding/nxt/casparcg/casparcg.config":
[2026-02-05 15:10:16.849] [info]    -----------------------------------------
[2026-02-05 15:10:16.849] [info]    <?xml version="1.0" encoding="utf-8"?>
[2026-02-05 15:10:16.849] [info]    <configuration>
[2026-02-05 15:10:16.849] [info]       <paths>
[2026-02-05 15:10:16.849] [info]          <media-path>../../tests/testmedia/</media-path>
[2026-02-05 15:10:16.849] [info]          <log-path>log/</log-path>
[2026-02-05 15:10:16.849] [info]          <data-path>data/</data-path>
[2026-02-05 15:10:16.849] [info]          <template-path>../../tests/template/</template-path>
[2026-02-05 15:10:16.849] [info]       </paths>
[2026-02-05 15:10:16.849] [info]       <lock-clear-phrase>secret</lock-clear-phrase>
[2026-02-05 15:10:16.849] [info]       <channels>
[2026-02-05 15:10:16.849] [info]          <channel>
[2026-02-05 15:10:16.849] [info]             <video-mode>720p5000</video-mode>
[2026-02-05 15:10:16.849] [info]             <consumers>
[2026-02-05 15:10:16.849] [info]                <system-audio/>
[2026-02-05 15:10:16.849] [info]                <screen>
[2026-02-05 15:10:16.849] [info]                   <device>1</device>
[2026-02-05 15:10:16.849] [info]                   <windowed>true</windowed>
[2026-02-05 15:10:16.849] [info]                   <width>960</width>
[2026-02-05 15:10:16.849] [info]                   <height>540</height>
[2026-02-05 15:10:16.849] [info]                </screen>
[2026-02-05 15:10:16.849] [info]                <ndi>
[2026-02-05 15:10:16.849] [info]                   <name>CasparCG-Ch1</name>
[2026-02-05 15:10:16.849] [info]                </ndi>
[2026-02-05 15:10:16.849] [info]             </consumers>
[2026-02-05 15:10:16.849] [info]          </channel>
[2026-02-05 15:10:16.849] [info]          <channel>
[2026-02-05 15:10:16.849] [info]             <video-mode>720p5000</video-mode>
[2026-02-05 15:10:16.849] [info]             <consumers>
[2026-02-05 15:10:16.849] [info]                <screen>
[2026-02-05 15:10:16.849] [info]                   <device>2</device>
[2026-02-05 15:10:16.849] [info]                   <windowed>true</windowed>
[2026-02-05 15:10:16.849] [info]                   <width>960</width>
[2026-02-05 15:10:16.849] [info]                   <height>540</height>
[2026-02-05 15:10:16.849] [info]                   <x>980</x>
[2026-02-05 15:10:16.849] [info]                   <y>0</y>
[2026-02-05 15:10:16.849] [info]                </screen>
[2026-02-05 15:10:16.849] [info]             </consumers>
[2026-02-05 15:10:16.849] [info]          </channel>
[2026-02-05 15:10:16.849] [info]       </channels>
[2026-02-05 15:10:16.849] [info]       <controllers>
[2026-02-05 15:10:16.849] [info]          <tcp>
[2026-02-05 15:10:16.849] [info]             <port>5250</port>
[2026-02-05 15:10:16.849] [info]             <protocol>AMCP</protocol>
[2026-02-05 15:10:16.849] [info]          </tcp>
[2026-02-05 15:10:16.849] [info]       </controllers>
[2026-02-05 15:10:16.849] [info]       <osc>
[2026-02-05 15:10:16.849] [info]          <default-port>6250</default-port>
[2026-02-05 15:10:16.849] [info]          <disable-send-to-amcp-clients>false</disable-send-to-amcp-clients>
[2026-02-05 15:10:16.849] [info]          <predefined-clients/>
[2026-02-05 15:10:16.849] [info]       </osc>
[2026-02-05 15:10:16.849] [info]    </configuration>
[2026-02-05 15:10:16.849] [info]    -----------------------------------------
[2026-02-05 15:10:16.849] [info]    Initialized video modes.
[2026-02-05 15:10:16.849] [info]    Initializing Vulkan Device.
[2026-02-05 15:10:16.919] [info]    Found 1 Vulkan device(s):
[2026-02-05 15:10:16.919] [info]      [0] Apple M1 Pro (Integrated, API 1.2.0)
[2026-02-05 15:10:16.919] [info]    Selected Vulkan device: Apple M1 Pro
[2026-02-05 15:10:17.020] [info]    Initialized Vulkan 1.2.0 Apple M1 Pro (MoltenVK)
[2026-02-05 15:10:17.037] [info]    [vk::blend_pipeline] Vulkan blend graphics pipeline initialized (Phase 15 - MoltenVK compatible)
[2026-02-05 15:10:17.037] [info]    [vk::image_kernel] Vulkan rendering kernel initialized (Phase 7 - all pixel formats)
[2026-02-05 15:10:17.037] [info]    [vk::image_mixer] Vulkan Image Mixer initialized for channel 1
[2026-02-05 15:10:17.037] [info]    video_channel[1|720p5000] Successfully Initialized.
[2026-02-05 15:10:17.044] [info]    [vk::blend_pipeline] Vulkan blend graphics pipeline initialized (Phase 15 - MoltenVK compatible)
[2026-02-05 15:10:17.044] [info]    [vk::image_kernel] Vulkan rendering kernel initialized (Phase 7 - all pixel formats)
[2026-02-05 15:10:17.044] [info]    [vk::image_mixer] Vulkan Image Mixer initialized for channel 2
[2026-02-05 15:10:17.044] [info]    video_channel[2|720p5000] Successfully Initialized.
[2026-02-05 15:10:17.044] [info]    Initialized channels.
[2026-02-05 15:10:17.044] [info]    Initialized command repository.
[2026-02-05 15:10:17.044] [info]    Initialized image module.
[2026-02-05 15:10:17.045] [info]    Initialized ffmpeg module.
[2026-02-05 15:10:17.045] [info]    Initialized oal module.
[2026-02-05 15:10:17.045] [info]    Initialized decklink module.
[2026-02-05 15:10:17.045] [info]    Initialized newtek module.
[2026-02-05 15:10:17.045] [info]    Initialized screen module.
[2026-02-05 15:10:17.046] [info]    [html] Running from app bundle: /Users/olzzon/coding/nxt/casparcg/dist/CasparCG.app
[2026-02-05 15:10:17.046] [info]    [html] macOS CEF paths configured:
[2026-02-05 15:10:17.046] [info]    [html]   App bundle: yes
[2026-02-05 15:10:17.046] [info]    [html]   Framework: /Users/olzzon/coding/nxt/casparcg/dist/CasparCG.app/Contents/Frameworks/Chromium Embedded Framework.framework
[2026-02-05 15:10:17.046] [info]    [html]   Resources: /Users/olzzon/coding/nxt/casparcg/dist/CasparCG.app/Contents/Frameworks/Chromium Embedded Framework.framework/Resources
[2026-02-05 15:10:17.046] [info]    [html]   Subprocess: /Users/olzzon/coding/nxt/casparcg/dist/CasparCG.app/Contents/MacOS/casparcg
[2026-02-05 15:10:17.046] [info]    [html]   Bundle path: /Users/olzzon/coding/nxt/casparcg/dist/CasparCG.app
[2026-02-05 15:10:17.387] [info]    Initialized html module.
[2026-02-05 15:10:17.394] [info]    Initialized modules.
[2026-02-05 15:10:17.582] [info]    ------- Core Audio Device List -----
[2026-02-05 15:10:17.587] [info]    MacBook Pro Speakers
[2026-02-05 15:10:17.597] [info]    NDI Audio
[2026-02-05 15:10:17.600] [info]    Samleenhed
[2026-02-05 15:10:17.602] [info]    ------- Core Audio Devices List done -----
[2026-02-05 15:10:17.602] [info]    coreaudio[1|720p5000] Initialized.
[2026-02-05 15:10:17.602] [info]    Screen consumer [1|720p5000] Initialized.
[2026-02-05 15:10:17.604] [error]   Exception: /Users/olzzon/coding/nxt/casparcg/src/modules/newtek/util/ndi.cpp(167): Throw in function void caspar::newtek::ndi::not_installed()
[2026-02-05 15:10:17.604] [error]   Dynamic exception type: boost::wrapexcept<caspar::not_supported>
[2026-02-05 15:10:17.604] [error]   [caspar::tag_msg_info*] = libndi.dylib not available. Install NDI Redist version 6.0 or higher from http://ndi.link/NDIRedistV6Apple
[2026-02-05 15:10:17.604] [error]   [caspar::tag_stacktrace_info*] =  0# caspar::stacktrace_info() in /Users/olzzon/coding/nxt/casparcg/dist/CasparCG.app/Contents/MacOS/casparcg
[2026-02-05 15:10:17.604] [error]    1# caspar::newtek::ndi::not_installed() in /Users/olzzon/coding/nxt/casparcg/dist/CasparCG.app/Contents/MacOS/casparcg
[2026-02-05 15:10:17.604] [error]    2# caspar::newtek::ndi::load_library() in /Users/olzzon/coding/nxt/casparcg/dist/CasparCG.app/Contents/MacOS/casparcg
[2026-02-05 15:10:17.604] [error]    3# caspar::newtek::newtek_ndi_consumer::newtek_ndi_consumer(std::__1::basic_string<wchar_t, std::__1::char_traits<wchar_t>, std::__1::allocator<wchar_t>>, bool) in /Users/olzzon/coding/nxt/casparcg/dist/CasparCG.app/Contents/MacOS/casparcg
[2026-02-05 15:10:17.604] [error]    4# std::__1::__shared_ptr_emplace<caspar::newtek::newtek_ndi_consumer, std::__1::allocator<caspar::newtek::newtek_ndi_consumer>>::__shared_ptr_emplace[abi:ne200100]<std::__1::basic_string<wchar_t, std::__1::char_traits<wchar_t>, std::__1::allocator<wchar_t>>&, bool&, std::__1::allocator<caspar::newtek::newtek_ndi_consumer>, 0>(std::__1::allocator<caspar::newtek::newtek_ndi_consumer>, std::__1::basic_string<wchar_t, std::__1::char_traits<wchar_t>, std::__1::allocator<wchar_t>>&, bool&) in /Users/olzzon/coding/nxt/casparcg/dist/CasparCG.app/Contents/MacOS/casparcg
[2026-02-05 15:10:17.604] [error]    5# caspar::newtek::create_preconfigured_ndi_consumer(boost::property_tree::basic_ptree<std::__1::basic_string<wchar_t, std::__1::char_traits<wchar_t>, std::__1::allocator<wchar_t>>, std::__1::basic_string<wchar_t, std::__1::char_traits<wchar_t>, std::__1::allocator<wchar_t>>, std::__1::less<std::__1::basic_string<wchar_t, std::__1::char_traits<wchar_t>, std::__1::allocator<wchar_t>>>> const&, caspar::core::video_format_repository const&, std::__1::vector<caspar::spl::shared_ptr<caspar::core::video_channel>, std::__1::allocator<caspar::spl::shared_ptr<caspar::core::video_channel>>> const&, caspar::core::channel_info const&) in /Users/olzzon/coding/nxt/casparcg/dist/CasparCG.app/Contents/MacOS/casparcg
[2026-02-05 15:10:17.604] [error]    6# caspar::core::frame_consumer_registry::create_consumer(std::__1::basic_string<wchar_t, std::__1::char_traits<wchar_t>, std::__1::allocator<wchar_t>> const&, boost::property_tree::basic_ptree<std::__1::basic_string<wchar_t, std::__1::char_traits<wchar_t>, std::__1::allocator<wchar_t>>, std::__1::basic_string<wchar_t, std::__1::char_traits<wchar_t>, std::__1::allocator<wchar_t>>, std::__1::less<std::__1::basic_string<wchar_t, std::__1::char_traits<wchar_t>, std::__1::allocator<wchar_t>>>> const&, caspar::core::video_format_repository const&, std::__1::vector<caspar::spl::shared_ptr<caspar::core::video_channel>, std::__1::allocator<caspar::spl::shared_ptr<caspar::core::video_channel>>> const&, caspar::core::channel_info const&) const in /Users/olzzon/coding/nxt/casparcg/dist/CasparCG.app/Contents/MacOS/casparcg
[2026-02-05 15:10:17.604] [error]    7# caspar::server::impl::setup_channel_producers_and_consumers(std::__1::vector<boost::property_tree::basic_ptree<std::__1::basic_string<wchar_t, std::__1::char_traits<wchar_t>, std::__1::allocator<wchar_t>>, std::__1::basic_string<wchar_t, std::__1::char_traits<wchar_t>, std::__1::allocator<wchar_t>>, std::__1::less<std::__1::basic_string<wchar_t, std::__1::char_traits<wchar_t>, std::__1::allocator<wchar_t>>>>, std::__1::allocator<boost::property_tree::basic_ptree<std::__1::basic_string<wchar_t, std::__1::char_traits<wchar_t>, std::__1::allocator<wchar_t>>, std::__1::basic_string<wchar_t, std::__1::char_traits<wchar_t>, std::__1::allocator<wchar_t>>, std::__1::less<std::__1::basic_string<wchar_t, std::__1::char_traits<wchar_t>, std::__1::allocator<wchar_t>>>>>> const&) in /Users/olzzon/coding/nxt/casparcg/dist/CasparCG.app/Contents/MacOS/casparcg
[2026-02-05 15:10:17.604] [error]    8# caspar::server::impl::start() in /Users/olzzon/coding/nxt/casparcg/dist/CasparCG.app/Contents/MacOS/casparcg
[2026-02-05 15:10:17.604] [error]    9# caspar::run(std::__1::basic_string<wchar_t, std::__1::char_traits<wchar_t>, std::__1::allocator<wchar_t>> const&, std::__1::atomic<bool>&) in /Users/olzzon/coding/nxt/casparcg/dist/CasparCG.app/Contents/MacOS/casparcg
[2026-02-05 15:10:17.604] [error]   10# main in /Users/olzzon/coding/nxt/casparcg/dist/CasparCG.app/Contents/MacOS/casparcg
[2026-02-05 15:10:17.604] [error]   
[2026-02-05 15:10:17.604] [error]   
[2026-02-05 15:10:17.604] [error]    0# caspar::log::get_stack_trace() in /Users/olzzon/coding/nxt/casparcg/dist/CasparCG.app/Contents/MacOS/casparcg
[2026-02-05 15:10:17.604] [error]    1# caspar::server::impl::setup_channel_producers_and_consumers(std::__1::vector<boost::property_tree::basic_ptree<std::__1::basic_string<wchar_t, std::__1::char_traits<wchar_t>, std::__1::allocator<wchar_t>>, std::__1::basic_string<wchar_t, std::__1::char_traits<wchar_t>, std::__1::allocator<wchar_t>>, std::__1::less<std::__1::basic_string<wchar_t, std::__1::char_traits<wchar_t>, std::__1::allocator<wchar_t>>>>, std::__1::allocator<boost::property_tree::basic_ptree<std::__1::basic_string<wchar_t, std::__1::char_traits<wchar_t>, std::__1::allocator<wchar_t>>, std::__1::basic_string<wchar_t, std::__1::char_traits<wchar_t>, std::__1::allocator<wchar_t>>, std::__1::less<std::__1::basic_string<wchar_t, std::__1::char_traits<wchar_t>, std::__1::allocator<wchar_t>>>>>> const&) in /Users/olzzon/coding/nxt/casparcg/dist/CasparCG.app/Contents/MacOS/casparcg
[2026-02-05 15:10:17.604] [error]    2# caspar::server::impl::start() in /Users/olzzon/coding/nxt/casparcg/dist/CasparCG.app/Contents/MacOS/casparcg
[2026-02-05 15:10:17.604] [error]    3# caspar::run(std::__1::basic_string<wchar_t, std::__1::char_traits<wchar_t>, std::__1::allocator<wchar_t>> const&, std::__1::atomic<bool>&) in /Users/olzzon/coding/nxt/casparcg/dist/CasparCG.app/Contents/MacOS/casparcg
[2026-02-05 15:10:17.604] [error]    4# main in /Users/olzzon/coding/nxt/casparcg/dist/CasparCG.app/Contents/MacOS/casparcg
[2026-02-05 15:10:17.604] [error]   
[2026-02-05 15:10:17.607] [info]    Screen consumer [2|720p5000] Initialized.
[2026-02-05 15:10:17.610] [info]    Initialized startup producers.
[2026-02-05 15:10:17.610] [info]    Initialized controllers.
[2026-02-05 15:10:17.610] [info]    Initialized osc.
[2026-02-05 15:10:17.610] [info]    Main thread entering event loop
[2026-02-05 15:10:17.629] [info]    Core Audio consumer initialized: 48000Hz, 960 samples/buffer, 8 buffers
[2026-02-05 15:10:17.781] [info]    [mixer] Processing 0 frames for channel 2
[2026-02-05 15:10:17.781] [info]    [mixer] Processing 0 frames for channel 1
[2026-02-05 15:10:17.932] [info]    Initializing Vulkan Device.
[2026-02-05 15:10:17.934] [info]    Found 1 Vulkan device(s):
[2026-02-05 15:10:17.934] [info]      [0] Apple M1 Pro (Integrated, API 1.2.0)
[2026-02-05 15:10:17.934] [info]    Selected Vulkan device: Apple M1 Pro
[2026-02-05 15:10:17.936] [info]    Initialized Vulkan 1.2.0 Apple M1 Pro (MoltenVK)
[2026-02-05 15:10:17.936] [info]    Initializing Vulkan Device.
[2026-02-05 15:10:17.937] [info]    Found 1 Vulkan device(s):
[2026-02-05 15:10:17.937] [info]      [0] Apple M1 Pro (Integrated, API 1.2.0)
[2026-02-05 15:10:17.937] [info]    Selected Vulkan device: Apple M1 Pro
[2026-02-05 15:10:17.938] [info]    [vk::screen] Configured CAMetalLayer: drawableSize=1920x1080 contentsScale=2 device=set
[2026-02-05 15:10:17.938] [info]    [vk::screen] Created Vulkan surface via VK_EXT_metal_surface
[2026-02-05 15:10:17.938] [info]    Initialized Vulkan 1.2.0 Apple M1 Pro (MoltenVK)
[2026-02-05 15:10:17.938] [info]    [vk::swapchain] Using pre-created Vulkan surface
[2026-02-05 15:10:17.939] [info]    [vk::swapchain] Selected format: B8G8R8A8_UNORM
[2026-02-05 15:10:17.939] [info]    [mixer] Processing 0 frames for channel 2
[2026-02-05 15:10:17.939] [info]    [mixer] Processing 0 frames for channel 1
[2026-02-05 15:10:17.939] [info]    [vk::swapchain] Vulkan swapchain initialized (1920x1080, 3 images)
[2026-02-05 15:10:17.939] [info]    [vk::screen] Configured CAMetalLayer: drawableSize=1920x1080 contentsScale=2 device=set
[2026-02-05 15:10:17.939] [info]    [vk::screen] Created Vulkan surface via VK_EXT_metal_surface
[2026-02-05 15:10:17.939] [info]    [vk::swapchain] Using pre-created Vulkan surface
[2026-02-05 15:10:17.939] [info]    [vk::swapchain] Selected format: B8G8R8A8_UNORM
[2026-02-05 15:10:17.939] [info]    [mixer] Frame created: size=3686400 first_pixels=[0,0,0,0]
[2026-02-05 15:10:17.939] [info]    [vk::swapchain] Vulkan swapchain initialized (1920x1080, 3 images)
[2026-02-05 15:10:17.940] [info]    [mixer] Frame created: size=3686400 first_pixels=[0,0,0,0]
[2026-02-05 15:10:17.941] [info]    [mixer] Processing 0 frames for channel 1
[2026-02-05 15:10:17.941] [info]    [mixer] Frame created: size=3686400 first_pixels=[0,0,0,0]
[2026-02-05 15:10:17.941] [info]    [mixer] Processing 0 frames for channel 1
[2026-02-05 15:10:17.942] [info]    [mixer] Frame created: size=3686400 first_pixels=[0,0,0,0]
[2026-02-05 15:10:17.942] [info]    [mixer] Processing 0 frames for channel 1
[2026-02-05 15:10:17.942] [info]    [mixer] Frame created: size=3686400 first_pixels=[0,0,0,0]
[2026-02-05 15:10:17.942] [info]    [mixer] Processing 0 frames for channel 1
[2026-02-05 15:10:17.942] [info]    [mixer] Frame created: size=3686400 first_pixels=[0,0,0,0]
[2026-02-05 15:10:17.942] [info]    [vk::render_pipeline] Vulkan render pipeline initialized (Phase 9)
[2026-02-05 15:10:17.942] [info]    [vk::render_pipeline] Vulkan render pipeline initialized (Phase 9)
[2026-02-05 15:10:17.942] [info]    [vk::texture] Format R8G8B8A8_UNORM properties: linearTiling=2147540355 optimalTiling=2147540355 buffer=2147483736 STORAGE_IMAGE_BIT=2 hasStorageImage=YES
[2026-02-05 15:10:17.951] [info]    [vk::screen] Triggered window position change to force initial content display
[2026-02-05 15:10:17.952] [info]    [vk::screen] Triggered window position change to force initial content display
[2026-02-05 15:10:18.018] [info]    [mixer] Processing 0 frames for channel 1
[2026-02-05 15:10:18.030] [info]    [mixer] Frame created: size=3686400 first_pixels=[0,0,0,0]
[2026-02-05 15:10:18.028] [info]    [mixer] Processing 0 frames for channel 2
[2026-02-05 15:10:18.030] [info]    [mixer] Frame created: size=3686400 first_pixels=[0,0,0,0]
[2026-02-05 15:10:18.031] [info]    [mixer] Processing 0 frames for channel 1
[2026-02-05 15:10:18.031] [info]    [mixer] Frame created: size=3686400 first_pixels=[0,0,0,0]
[2026-02-05 15:10:18.031] [info]    [mixer] Processing 0 frames for channel 2
[2026-02-05 15:10:18.031] [info]    [mixer] Frame created: size=3686400 first_pixels=[0,0,0,0]
[2026-02-05 15:10:18.032] [info]    [mixer] Processing 0 frames for channel 1
[2026-02-05 15:10:18.032] [info]    [mixer] Frame created: size=3686400 first_pixels=[0,0,0,0]
[2026-02-05 15:10:18.032] [info]    [mixer] Processing 0 frames for channel 2
[2026-02-05 15:10:18.033] [info]    [mixer] Frame created: size=3686400 first_pixels=[0,0,0,0]
[2026-02-05 15:10:18.033] [info]    [mixer] Processing 0 frames for channel 2
[2026-02-05 15:10:18.034] [info]    [mixer] Processing 0 frames for channel 1
[2026-02-05 15:10:18.100] [info]    [mixer] Frame created: size=3686400 first_pixels=[0,0,0,0]
[2026-02-05 15:10:18.100] [info]    [mixer] Frame created: size=3686400 first_pixels=[0,0,0,0]
[2026-02-05 15:10:18.101] [info]    [mixer] Processing 0 frames for channel 2
[2026-02-05 15:10:18.101] [info]    [mixer] Frame created: size=3686400 first_pixels=[0,0,0,0]
[2026-02-05 15:10:18.101] [info]    [mixer] Processing 0 frames for channel 1
[2026-02-05 15:10:18.101] [info]    [mixer] Frame created: size=3686400 first_pixels=[0,0,0,0]
[2026-02-05 15:10:18.101] [info]    [mixer] Processing 0 frames for channel 2
[2026-02-05 15:10:18.101] [info]    [mixer] Frame created: size=3686400 first_pixels=[0,0,0,0]
[2026-02-05 15:10:18.101] [info]    [mixer] Processing 0 frames for channel 1
[2026-02-05 15:10:18.102] [info]    [mixer] Frame created: size=3686400 first_pixels=[0,0,0,0]
[2026-02-05 15:10:18.102] [info]    [mixer] Processing 0 frames for channel 2
[2026-02-05 15:10:18.102] [info]    [mixer] Frame created: size=3686400 first_pixels=[0,0,0,0]
[2026-02-05 15:10:18.102] [info]    [mixer] Processing 0 frames for channel 1
[2026-02-05 15:10:18.102] [info]    [mixer] Frame created: size=3686400 first_pixels=[0,0,0,0]
[2026-02-05 15:10:18.102] [info]    [mixer] Processing 0 frames for channel 2
[2026-02-05 15:10:18.103] [info]    [mixer] Processing 0 frames for channel 1
[2026-02-05 15:10:18.103] [info]    [mixer] Processing 0 frames for channel 1
[2026-02-05 15:10:18.104] [info]    [mixer] Processing 0 frames for channel 1
[2026-02-05 15:10:18.104] [info]    [mixer] Processing 0 frames for channel 1
[2026-02-05 15:10:18.104] [info]    [mixer] Processing 0 frames for channel 1
[2026-02-05 15:10:18.105] [info]    [mixer] Processing 0 frames for channel 1
[2026-02-05 15:10:18.106] [info]    [mixer] Processing 0 frames for channel 1
[2026-02-05 15:31:28.972] [info]    ############################################################################
[2026-02-05 15:31:28.972] [info]    CasparCG Server is distributed by the Swedish Broadcasting Corporation (SVT)
[2026-02-05 15:31:28.972] [info]    under the GNU General Public License GPLv3 or higher.
[2026-02-05 15:31:28.972] [info]    Please see LICENSE.TXT for details.
[2026-02-05 15:31:28.972] [info]    http://www.casparcg.com/
[2026-02-05 15:31:28.972] [info]    ############################################################################
[2026-02-05 15:31:28.972] [info]    Starting CasparCG Video and Graphics Playout Server 2.5.0 48fd1eee1 Dev
[2026-02-05 15:31:28.972] [info]    "/Users/olzzon/coding/nxt/casparcg/casparcg.config":
[2026-02-05 15:31:28.972] [info]    -----------------------------------------
[2026-02-05 15:31:28.972] [info]    <?xml version="1.0" encoding="utf-8"?>
[2026-02-05 15:31:28.972] [info]    <configuration>
[2026-02-05 15:31:28.972] [info]       <paths>
[2026-02-05 15:31:28.972] [info]          <media-path>../../tests/testmedia/</media-path>
[2026-02-05 15:31:28.972] [info]          <log-path>log/</log-path>
[2026-02-05 15:31:28.972] [info]          <data-path>data/</data-path>
[2026-02-05 15:31:28.972] [info]          <template-path>../../tests/template/</template-path>
[2026-02-05 15:31:28.972] [info]       </paths>
[2026-02-05 15:31:28.972] [info]       <lock-clear-phrase>secret</lock-clear-phrase>
[2026-02-05 15:31:28.972] [info]       <channels>
[2026-02-05 15:31:28.972] [info]          <channel>
[2026-02-05 15:31:28.972] [info]             <video-mode>720p5000</video-mode>
[2026-02-05 15:31:28.972] [info]             <consumers>
[2026-02-05 15:31:28.972] [info]                <system-audio/>
[2026-02-05 15:31:28.972] [info]                <screen>
[2026-02-05 15:31:28.972] [info]                   <device>1</device>
[2026-02-05 15:31:28.972] [info]                   <windowed>true</windowed>
[2026-02-05 15:31:28.972] [info]                   <width>960</width>
[2026-02-05 15:31:28.972] [info]                   <height>540</height>
[2026-02-05 15:31:28.972] [info]                </screen>
[2026-02-05 15:31:28.972] [info]                <ndi>
[2026-02-05 15:31:28.972] [info]                   <name>CasparCG-Ch1</name>
[2026-02-05 15:31:28.972] [info]                </ndi>
[2026-02-05 15:31:28.972] [info]             </consumers>
[2026-02-05 15:31:28.972] [info]          </channel>
[2026-02-05 15:31:28.972] [info]          <channel>
[2026-02-05 15:31:28.972] [info]             <video-mode>720p5000</video-mode>
[2026-02-05 15:31:28.972] [info]             <consumers>
[2026-02-05 15:31:28.972] [info]                <screen>
[2026-02-05 15:31:28.972] [info]                   <device>2</device>
[2026-02-05 15:31:28.972] [info]                   <windowed>true</windowed>
[2026-02-05 15:31:28.972] [info]                   <width>960</width>
[2026-02-05 15:31:28.972] [info]                   <height>540</height>
[2026-02-05 15:31:28.972] [info]                   <x>980</x>
[2026-02-05 15:31:28.972] [info]                   <y>0</y>
[2026-02-05 15:31:28.972] [info]                </screen>
[2026-02-05 15:31:28.972] [info]             </consumers>
[2026-02-05 15:31:28.972] [info]          </channel>
[2026-02-05 15:31:28.972] [info]       </channels>
[2026-02-05 15:31:28.972] [info]       <controllers>
[2026-02-05 15:31:28.972] [info]          <tcp>
[2026-02-05 15:31:28.972] [info]             <port>5250</port>
[2026-02-05 15:31:28.972] [info]             <protocol>AMCP</protocol>
[2026-02-05 15:31:28.972] [info]          </tcp>
[2026-02-05 15:31:28.972] [info]       </controllers>
[2026-02-05 15:31:28.972] [info]       <osc>
[2026-02-05 15:31:28.972] [info]          <default-port>6250</default-port>
[2026-02-05 15:31:28.972] [info]          <disable-send-to-amcp-clients>false</disable-send-to-amcp-clients>
[2026-02-05 15:31:28.972] [info]          <predefined-clients/>
[2026-02-05 15:31:28.972] [info]       </osc>
[2026-02-05 15:31:28.972] [info]    </configuration>
[2026-02-05 15:31:28.972] [info]    -----------------------------------------
[2026-02-05 15:31:28.972] [info]    Initialized video modes.
[2026-02-05 15:31:28.972] [info]    Initializing Vulkan Device.
[2026-02-05 15:31:29.044] [info]    Found 1 Vulkan device(s):
[2026-02-05 15:31:29.044] [info]      [0] Apple M1 Pro (Integrated, API 1.2.0)
[2026-02-05 15:31:29.044] [info]    Selected Vulkan device: Apple M1 Pro
[2026-02-05 15:31:29.119] [info]    Initialized Vulkan 1.2.0 Apple M1 Pro (MoltenVK)
[2026-02-05 15:31:29.157] [info]    [vk::blend_pipeline] Vulkan blend graphics pipeline initialized (Phase 15 - MoltenVK compatible)
[2026-02-05 15:31:29.157] [info]    [vk::image_kernel] Vulkan rendering kernel initialized (Phase 7 - all pixel formats)
[2026-02-05 15:31:29.157] [info]    [vk::image_mixer] Vulkan Image Mixer initialized for channel 1
[2026-02-05 15:31:29.157] [info]    video_channel[1|720p5000] Successfully Initialized.
[2026-02-05 15:31:29.162] [info]    [vk::blend_pipeline] Vulkan blend graphics pipeline initialized (Phase 15 - MoltenVK compatible)
[2026-02-05 15:31:29.162] [info]    [vk::image_kernel] Vulkan rendering kernel initialized (Phase 7 - all pixel formats)
[2026-02-05 15:31:29.162] [info]    [vk::image_mixer] Vulkan Image Mixer initialized for channel 2
[2026-02-05 15:31:29.162] [info]    video_channel[2|720p5000] Successfully Initialized.
[2026-02-05 15:31:29.162] [info]    Initialized channels.
[2026-02-05 15:31:29.163] [info]    Initialized command repository.
[2026-02-05 15:31:29.163] [info]    Initialized image module.
[2026-02-05 15:31:29.163] [info]    Initialized ffmpeg module.
[2026-02-05 15:31:29.163] [info]    Initialized oal module.
[2026-02-05 15:31:29.163] [info]    Initialized decklink module.
[2026-02-05 15:31:29.163] [info]    Initialized newtek module.
[2026-02-05 15:31:29.163] [info]    Initialized screen module.
[2026-02-05 15:31:29.164] [info]    [html] Running from app bundle: /Users/olzzon/coding/nxt/casparcg/dist/CasparCG.app
[2026-02-05 15:31:29.164] [info]    [html] macOS CEF paths configured:
[2026-02-05 15:31:29.164] [info]    [html]   App bundle: yes
[2026-02-05 15:31:29.164] [info]    [html]   Framework: /Users/olzzon/coding/nxt/casparcg/dist/CasparCG.app/Contents/Frameworks/Chromium Embedded Framework.framework
[2026-02-05 15:31:29.164] [info]    [html]   Resources: /Users/olzzon/coding/nxt/casparcg/dist/CasparCG.app/Contents/Frameworks/Chromium Embedded Framework.framework/Resources
[2026-02-05 15:31:29.164] [info]    [html]   Subprocess: /Users/olzzon/coding/nxt/casparcg/dist/CasparCG.app/Contents/MacOS/casparcg
[2026-02-05 15:31:29.164] [info]    [html]   Bundle path: /Users/olzzon/coding/nxt/casparcg/dist/CasparCG.app
[2026-02-05 15:31:29.431] [info]    Initialized html module.
[2026-02-05 15:31:29.431] [info]    Initialized modules.
[2026-02-05 15:31:29.529] [info]    ------- Core Audio Device List -----
[2026-02-05 15:31:29.531] [info]    MacBook Pro Speakers
[2026-02-05 15:31:29.533] [info]    NDI Audio
[2026-02-05 15:31:29.537] [info]    Samleenhed
[2026-02-05 15:31:29.537] [info]    ------- Core Audio Devices List done -----
[2026-02-05 15:31:29.537] [info]    coreaudio[1|720p5000] Initialized.
[2026-02-05 15:31:29.537] [info]    Screen consumer [1|720p5000] Initialized.
[2026-02-05 16:03:43.857] [info]    ############################################################################
[2026-02-05 16:03:43.857] [info]    CasparCG Server is distributed by the Swedish Broadcasting Corporation (SVT)
[2026-02-05 16:03:43.857] [info]    under the GNU General Public License GPLv3 or higher.
[2026-02-05 16:03:43.857] [info]    Please see LICENSE.TXT for details.
[2026-02-05 16:03:43.857] [info]    http://www.casparcg.com/
[2026-02-05 16:03:43.857] [info]    ############################################################################
[2026-02-05 16:03:43.857] [info]    Starting CasparCG Video and Graphics Playout Server 2.5.0 48fd1eee1 Dev
[2026-02-05 16:03:43.858] [info]    "/Users/olzzon/coding/nxt/casparcg/casparcg.config":
[2026-02-05 16:03:43.858] [info]    -----------------------------------------
[2026-02-05 16:03:43.858] [info]    <?xml version="1.0" encoding="utf-8"?>
[2026-02-05 16:03:43.858] [info]    <configuration>
[2026-02-05 16:03:43.858] [info]       <paths>
[2026-02-05 16:03:43.858] [info]          <media-path>../../tests/testmedia/</media-path>
[2026-02-05 16:03:43.858] [info]          <log-path>log/</log-path>
[2026-02-05 16:03:43.858] [info]          <data-path>data/</data-path>
[2026-02-05 16:03:43.858] [info]          <template-path>../../tests/template/</template-path>
[2026-02-05 16:03:43.858] [info]       </paths>
[2026-02-05 16:03:43.858] [info]       <lock-clear-phrase>secret</lock-clear-phrase>
[2026-02-05 16:03:43.858] [info]       <channels>
[2026-02-05 16:03:43.858] [info]          <channel>
[2026-02-05 16:03:43.858] [info]             <video-mode>720p5000</video-mode>
[2026-02-05 16:03:43.858] [info]             <consumers>
[2026-02-05 16:03:43.858] [info]                <system-audio/>
[2026-02-05 16:03:43.858] [info]                <screen>
[2026-02-05 16:03:43.858] [info]                   <device>1</device>
[2026-02-05 16:03:43.858] [info]                   <windowed>true</windowed>
[2026-02-05 16:03:43.858] [info]                   <width>960</width>
[2026-02-05 16:03:43.858] [info]                   <height>540</height>
[2026-02-05 16:03:43.858] [info]                </screen>
[2026-02-05 16:03:43.858] [info]                <ndi>
[2026-02-05 16:03:43.858] [info]                   <name>CasparCG-Ch1</name>
[2026-02-05 16:03:43.858] [info]                </ndi>
[2026-02-05 16:03:43.858] [info]             </consumers>
[2026-02-05 16:03:43.858] [info]          </channel>
[2026-02-05 16:03:43.858] [info]          <channel>
[2026-02-05 16:03:43.858] [info]             <video-mode>720p5000</video-mode>
[2026-02-05 16:03:43.858] [info]             <consumers>
[2026-02-05 16:03:43.858] [info]                <screen>
[2026-02-05 16:03:43.858] [info]                   <device>2</device>
[2026-02-05 16:03:43.858] [info]                   <windowed>true</windowed>
[2026-02-05 16:03:43.858] [info]                   <width>960</width>
[2026-02-05 16:03:43.858] [info]                   <height>540</height>
[2026-02-05 16:03:43.858] [info]                   <x>980</x>
[2026-02-05 16:03:43.858] [info]                   <y>0</y>
[2026-02-05 16:03:43.858] [info]                </screen>
[2026-02-05 16:03:43.858] [info]             </consumers>
[2026-02-05 16:03:43.858] [info]          </channel>
[2026-02-05 16:03:43.858] [info]       </channels>
[2026-02-05 16:03:43.858] [info]       <controllers>
[2026-02-05 16:03:43.858] [info]          <tcp>
[2026-02-05 16:03:43.858] [info]             <port>5250</port>
[2026-02-05 16:03:43.858] [info]             <protocol>AMCP</protocol>
[2026-02-05 16:03:43.858] [info]          </tcp>
[2026-02-05 16:03:43.858] [info]       </controllers>
[2026-02-05 16:03:43.858] [info]       <osc>
[2026-02-05 16:03:43.858] [info]          <default-port>6250</default-port>
[2026-02-05 16:03:43.858] [info]          <disable-send-to-amcp-clients>false</disable-send-to-amcp-clients>
[2026-02-05 16:03:43.858] [info]          <predefined-clients/>
[2026-02-05 16:03:43.858] [info]       </osc>
[2026-02-05 16:03:43.858] [info]    </configuration>
[2026-02-05 16:03:43.858] [info]    -----------------------------------------
[2026-02-05 16:03:43.858] [info]    Initialized video modes.
[2026-02-05 16:03:43.858] [info]    Initializing Vulkan Device.
[2026-02-05 16:03:43.917] [info]    Found 1 Vulkan device(s):
[2026-02-05 16:03:43.917] [info]      [0] Apple M1 Pro (Integrated, API 1.2.0)
[2026-02-05 16:03:43.917] [info]    Selected Vulkan device: Apple M1 Pro
[2026-02-05 16:03:43.980] [info]    Initialized Vulkan 1.2.0 Apple M1 Pro (MoltenVK)
[2026-02-05 16:03:44.002] [info]    [vk::blend_pipeline] Vulkan blend graphics pipeline initialized (Phase 15 - MoltenVK compatible)
[2026-02-05 16:03:44.002] [info]    [vk::image_kernel] Vulkan rendering kernel initialized (Phase 7 - all pixel formats)
[2026-02-05 16:03:44.002] [info]    [vk::image_mixer] Vulkan Image Mixer initialized for channel 1
[2026-02-05 16:03:44.002] [info]    video_channel[1|720p5000] Successfully Initialized.
[2026-02-05 16:03:44.009] [info]    [vk::blend_pipeline] Vulkan blend graphics pipeline initialized (Phase 15 - MoltenVK compatible)
[2026-02-05 16:03:44.009] [info]    [vk::image_kernel] Vulkan rendering kernel initialized (Phase 7 - all pixel formats)
[2026-02-05 16:03:44.009] [info]    [vk::image_mixer] Vulkan Image Mixer initialized for channel 2
[2026-02-05 16:03:44.009] [info]    video_channel[2|720p5000] Successfully Initialized.
[2026-02-05 16:03:44.009] [info]    Initialized channels.
[2026-02-05 16:03:44.009] [info]    Initialized command repository.
[2026-02-05 16:03:44.009] [info]    Initialized image module.
[2026-02-05 16:03:44.010] [info]    Initialized ffmpeg module.
[2026-02-05 16:03:44.010] [info]    Initialized oal module.
[2026-02-05 16:03:44.010] [info]    Initialized decklink module.
[2026-02-05 16:03:44.010] [info]    Initialized newtek module.
[2026-02-05 16:03:44.010] [info]    Initialized screen module.
[2026-02-05 16:03:44.010] [info]    [html] Running from app bundle: /Users/olzzon/coding/nxt/casparcg/dist/CasparCG.app
[2026-02-05 16:03:44.010] [info]    [html] macOS CEF paths configured:
[2026-02-05 16:03:44.010] [info]    [html]   App bundle: yes
[2026-02-05 16:03:44.010] [info]    [html]   Framework: /Users/olzzon/coding/nxt/casparcg/dist/CasparCG.app/Contents/Frameworks/Chromium Embedded Framework.framework
[2026-02-05 16:03:44.010] [info]    [html]   Resources: /Users/olzzon/coding/nxt/casparcg/dist/CasparCG.app/Contents/Frameworks/Chromium Embedded Framework.framework/Resources
[2026-02-05 16:03:44.010] [info]    [html]   Subprocess: /Users/olzzon/coding/nxt/casparcg/dist/CasparCG.app/Contents/MacOS/casparcg
[2026-02-05 16:03:44.010] [info]    [html]   Bundle path: /Users/olzzon/coding/nxt/casparcg/dist/CasparCG.app
[2026-02-05 16:03:44.313] [info]    Initialized html module.
[2026-02-05 16:03:44.313] [info]    Initialized modules.
[2026-02-05 16:03:44.504] [info]    ------- Core Audio Device List -----
[2026-02-05 16:03:44.507] [info]    MacBook Pro Speakers
[2026-02-05 16:03:44.508] [info]    NDI Audio
[2026-02-05 16:03:44.511] [info]    Samleenhed
[2026-02-05 16:03:44.515] [info]    ------- Core Audio Devices List done -----
[2026-02-05 16:03:44.521] [info]    coreaudio[1|720p5000] Initialized.
[2026-02-05 16:03:44.521] [info]    Screen consumer [1|720p5000] Initialized.
[2026-02-05 16:03:44.541] [info]    Core Audio consumer initialized: 48000Hz, 960 samples/buffer, 8 buffers
[2026-02-05 16:03:44.562] [info]    [NDI] Loaded /Users/olzzon/coding/nxt/casparcg/dist/CasparCG.app/Contents/Frameworks/libndi.dylib
[2026-02-05 16:03:44.676] [info]    [mixer] Processing 0 frames for channel 1
[2026-02-05 16:03:44.709] [info]    [mixer] Processing 0 frames for channel 1
[2026-02-05 16:03:44.712] [info]    [mixer] Frame created: size=3686400 first_pixels=[0,0,0,0]
[2026-02-05 16:03:44.717] [info]    [mixer] Processing 0 frames for channel 1
[2026-02-05 16:03:44.752] [info]    [mixer] Frame created: size=3686400 first_pixels=[0,0,0,0]
[2026-02-05 16:03:44.752] [info]    [mixer] Processing 0 frames for channel 1
[2026-02-05 16:03:44.753] [info]    [mixer] Frame created: size=3686400 first_pixels=[0,0,0,0]
[2026-02-05 16:03:44.804] [info]    ndi_consumer[1|CasparCG-Ch1] Initialized.
[2026-02-05 16:03:44.804] [info]    Screen consumer [2|720p5000] Initialized.
[2026-02-05 16:03:44.804] [info]    Initialized startup producers.
[2026-02-05 16:03:44.804] [info]    Initialized controllers.
[2026-02-05 16:03:44.805] [info]    Initialized osc.
[2026-02-05 16:03:44.805] [info]    Main thread entering event loop
[2026-02-05 16:03:44.805] [info]    [mixer] Processing 0 frames for channel 1
[2026-02-05 16:03:44.807] [info]    Starting ndi-send thread for ndi output: CasparCG-Ch1
[2026-02-05 16:03:44.808] [info]    [mixer] Frame created: size=3686400 first_pixels=[0,0,0,0]
[2026-02-05 16:03:44.808] [info]    [mixer] Processing 0 frames for channel 1
[2026-02-05 16:03:44.809] [info]    [mixer] Frame created: size=3686400 first_pixels=[0,0,0,0]
[2026-02-05 16:03:44.810] [info]    [mixer] Processing 0 frames for channel 1
[2026-02-05 16:03:44.810] [info]    [mixer] Frame created: size=3686400 first_pixels=[0,0,0,0]
[2026-02-05 16:03:44.810] [info]    [mixer] Processing 0 frames for channel 2
[2026-02-05 16:03:44.811] [info]    [mixer] Processing 0 frames for channel 1
[2026-02-05 16:03:44.811] [info]    [mixer] Frame created: size=3686400 first_pixels=[0,0,0,0]
[2026-02-05 16:03:44.811] [info]    [mixer] Processing 0 frames for channel 2
[2026-02-05 16:03:44.818] [info]    [mixer] Frame created: size=3686400 first_pixels=[0,0,0,0]
[2026-02-05 16:03:44.819] [info]    [mixer] Processing 0 frames for channel 2
[2026-02-05 16:03:44.819] [info]    [mixer] Processing 0 frames for channel 1
[2026-02-05 16:03:44.819] [info]    [mixer] Frame created: size=3686400 first_pixels=[0,0,0,0]
[2026-02-05 16:03:44.819] [info]    [mixer] Frame created: size=3686400 first_pixels=[0,0,0,0]
[2026-02-05 16:03:44.819] [info]    [mixer] Processing 0 frames for channel 2
[2026-02-05 16:03:44.819] [info]    [mixer] Processing 0 frames for channel 1
[2026-02-05 16:03:44.819] [info]    [mixer] Frame created: size=3686400 first_pixels=[0,0,0,0]
[2026-02-05 16:03:44.820] [info]    [mixer] Frame created: size=3686400 first_pixels=[0,0,0,0]
[2026-02-05 16:03:44.820] [info]    [mixer] Processing 0 frames for channel 1
[2026-02-05 16:03:44.820] [info]    [mixer] Frame created: size=3686400 first_pixels=[0,0,0,0]
[2026-02-05 16:03:44.821] [info]    [mixer] Processing 0 frames for channel 1
[2026-02-05 16:03:44.821] [info]    [mixer] Frame created: size=3686400 first_pixels=[0,0,0,0]
[2026-02-05 16:03:44.823] [info]    [mixer] Processing 0 frames for channel 1
[2026-02-05 16:03:44.823] [info]    [mixer] Frame created: size=3686400 first_pixels=[0,0,0,0]
[2026-02-05 16:03:44.824] [info]    [mixer] Processing 0 frames for channel 1
[2026-02-05 16:03:44.824] [info]    [mixer] Frame created: size=3686400 first_pixels=[0,0,0,0]
[2026-02-05 16:03:44.825] [info]    [mixer] Processing 0 frames for channel 1
[2026-02-05 16:03:44.826] [info]    [mixer] Frame created: size=3686400 first_pixels=[0,0,0,0]
[2026-02-05 16:03:44.826] [info]    [mixer] Processing 0 frames for channel 1
[2026-02-05 16:03:44.826] [info]    [mixer] Frame created: size=3686400 first_pixels=[0,0,0,0]
[2026-02-05 16:03:44.827] [info]    [mixer] Processing 0 frames for channel 1
[2026-02-05 16:03:44.827] [info]    [mixer] Frame created: size=3686400 first_pixels=[0,0,0,0]
[2026-02-05 16:03:44.827] [info]    [mixer] Processing 0 frames for channel 1
[2026-02-05 16:03:44.828] [info]    [mixer] Frame created: size=3686400 first_pixels=[0,0,0,0]
[2026-02-05 16:03:44.912] [info]    [mixer] Processing 0 frames for channel 2
[2026-02-05 16:03:44.913] [info]    [mixer] Processing 0 frames for channel 1
[2026-02-05 16:03:44.924] [info]    [mixer] Processing 0 frames for channel 2
[2026-02-05 16:03:44.925] [info]    [mixer] Processing 0 frames for channel 1
[2026-02-05 16:03:44.925] [info]    [mixer] Processing 0 frames for channel 2
[2026-02-05 16:03:44.925] [info]    [mixer] Processing 0 frames for channel 2
[2026-02-05 16:03:44.925] [info]    [mixer] Processing 0 frames for channel 1
[2026-02-05 16:03:44.925] [info]    [mixer] Processing 0 frames for channel 2
[2026-02-05 16:03:45.186] [info]    Initializing Vulkan Device.
[2026-02-05 16:03:45.188] [info]    Found 1 Vulkan device(s):
[2026-02-05 16:03:45.188] [info]      [0] Apple M1 Pro (Integrated, API 1.2.0)
[2026-02-05 16:03:45.188] [info]    Selected Vulkan device: Apple M1 Pro
[2026-02-05 16:03:45.190] [info]    Initialized Vulkan 1.2.0 Apple M1 Pro (MoltenVK)
[2026-02-05 16:03:45.192] [info]    [vk::screen] Configured CAMetalLayer: drawableSize=1920x1080 contentsScale=2 device=set
[2026-02-05 16:03:45.192] [info]    [vk::screen] Created Vulkan surface via VK_EXT_metal_surface
[2026-02-05 16:03:45.192] [info]    [vk::swapchain] Using pre-created Vulkan surface
[2026-02-05 16:03:45.192] [info]    [vk::swapchain] Selected format: B8G8R8A8_UNORM
[2026-02-05 16:03:45.193] [info]    [vk::swapchain] Vulkan swapchain initialized (1920x1080, 3 images)
[2026-02-05 16:03:45.195] [info]    [vk::render_pipeline] Vulkan render pipeline initialized (Phase 9)
[2026-02-05 16:03:45.195] [info]    [vk::texture] Format R8G8B8A8_UNORM properties: linearTiling=2147540355 optimalTiling=2147540355 buffer=2147483736 STORAGE_IMAGE_BIT=2 hasStorageImage=YES
[2026-02-05 16:03:45.196] [info]    Initializing Vulkan Device.
[2026-02-05 16:03:45.198] [info]    Found 1 Vulkan device(s):
[2026-02-05 16:03:45.198] [info]      [0] Apple M1 Pro (Integrated, API 1.2.0)
[2026-02-05 16:03:45.198] [info]    Selected Vulkan device: Apple M1 Pro
[2026-02-05 16:03:45.199] [info]    Initialized Vulkan 1.2.0 Apple M1 Pro (MoltenVK)
[2026-02-05 16:03:45.200] [info]    [vk::screen] Configured CAMetalLayer: drawableSize=1920x1080 contentsScale=2 device=set
[2026-02-05 16:03:45.200] [info]    [vk::screen] Created Vulkan surface via VK_EXT_metal_surface
[2026-02-05 16:03:45.200] [info]    [vk::swapchain] Using pre-created Vulkan surface
[2026-02-05 16:03:45.200] [info]    [vk::swapchain] Selected format: B8G8R8A8_UNORM
[2026-02-05 16:03:45.200] [info]    [vk::swapchain] Vulkan swapchain initialized (1920x1080, 3 images)
[2026-02-05 16:03:45.202] [info]    [vk::render_pipeline] Vulkan render pipeline initialized (Phase 9)
[2026-02-05 16:03:45.206] [info]    [vk::screen] Triggered window position change to force initial content display
[2026-02-05 16:03:45.207] [info]    [vk::screen] Triggered window position change to force initial content display
[2026-02-05 16:03:47.519] [info]    Main thread exiting event loop
[2026-02-05 16:03:47.519] [info]    video_channel[2|720p5000] Uninitializing.
[2026-02-05 16:03:47.522] [info]    [asio] Shutting down global io_context.
[2026-02-05 16:03:47.522] [info]    [asio] Global io_context uninitialized.
[2026-02-05 16:03:47.528] [info]    [vk::swapchain] Vulkan swapchain destroyed
[2026-02-05 16:03:47.529] [info]    Vulkan Device destroyed.
[2026-02-05 16:03:47.622] [warning] [vk::screen] poll() timed out waiting for main thread
[2026-02-05 16:03:47.625] [info]    [vk::swapchain] Vulkan swapchain destroyed
[2026-02-05 16:03:47.628] [info]    Vulkan Device destroyed.
[2026-02-05 16:03:48.530] [warning] Screen consumer [2|720p5000] GLFW cleanup timed out - main thread may be blocked
[2026-02-05 16:03:48.531] [info]    Screen consumer [2|720p5000] Uninitialized.
[2026-02-05 16:03:48.531] [info]    video_channel[1|720p5000] Uninitializing.
[2026-02-05 16:03:48.633] [warning] Screen consumer [1|720p5000] GLFW cleanup timed out - main thread may be blocked
[2026-02-05 16:03:48.633] [info]    Screen consumer [1|720p5000] Uninitialized.
[2026-02-05 16:03:48.642] [info]    coreaudio[1|720p5000] Uninitialized.
[2026-02-05 16:04:08.588] [info]    ndi_consumer[1|CasparCG-Ch1] Uninitialized.
[2026-02-05 16:04:08.846] [info]    Vulkan Device destroyed.
[2026-02-05 16:04:08.846] [info]    Successfully shutdown CasparCG Server.
[2026-02-05 17:19:14.568] [info]    ############################################################################
[2026-02-05 17:19:14.568] [info]    CasparCG Server is distributed by the Swedish Broadcasting Corporation (SVT)
[2026-02-05 17:19:14.568] [info]    under the GNU General Public License GPLv3 or higher.
[2026-02-05 17:19:14.568] [info]    Please see LICENSE.TXT for details.
[2026-02-05 17:19:14.568] [info]    http://www.casparcg.com/
[2026-02-05 17:19:14.568] [info]    ############################################################################
[2026-02-05 17:19:14.568] [info]    Starting CasparCG Video and Graphics Playout Server 2.5.0 48fd1eee1 Dev
[2026-02-05 17:19:14.568] [info]    "/Users/olzzon/coding/nxt/casparcg/casparcg.config":
[2026-02-05 17:19:14.568] [info]    -----------------------------------------
[2026-02-05 17:19:14.568] [info]    <?xml version="1.0" encoding="utf-8"?>
[2026-02-05 17:19:14.568] [info]    <configuration>
[2026-02-05 17:19:14.568] [info]       <paths>
[2026-02-05 17:19:14.568] [info]          <media-path>../../tests/testmedia/</media-path>
[2026-02-05 17:19:14.568] [info]          <log-path>log/</log-path>
[2026-02-05 17:19:14.568] [info]          <data-path>data/</data-path>
[2026-02-05 17:19:14.568] [info]          <template-path>../../tests/template/</template-path>
[2026-02-05 17:19:14.568] [info]       </paths>
[2026-02-05 17:19:14.568] [info]       <lock-clear-phrase>secret</lock-clear-phrase>
[2026-02-05 17:19:14.568] [info]       <channels>
[2026-02-05 17:19:14.568] [info]          <channel>
[2026-02-05 17:19:14.568] [info]             <video-mode>720p5000</video-mode>
[2026-02-05 17:19:14.568] [info]             <consumers>
[2026-02-05 17:19:14.568] [info]                <system-audio/>
[2026-02-05 17:19:14.568] [info]                <screen>
[2026-02-05 17:19:14.568] [info]                   <device>1</device>
[2026-02-05 17:19:14.568] [info]                   <windowed>true</windowed>
[2026-02-05 17:19:14.568] [info]                   <width>960</width>
[2026-02-05 17:19:14.568] [info]                   <height>540</height>
[2026-02-05 17:19:14.568] [info]                </screen>
[2026-02-05 17:19:14.568] [info]                <ndi>
[2026-02-05 17:19:14.568] [info]                   <name>CasparCG-Ch1</name>
[2026-02-05 17:19:14.568] [info]                </ndi>
[2026-02-05 17:19:14.568] [info]             </consumers>
[2026-02-05 17:19:14.568] [info]          </channel>
[2026-02-05 17:19:14.568] [info]          <channel>
[2026-02-05 17:19:14.568] [info]             <video-mode>720p5000</video-mode>
[2026-02-05 17:19:14.568] [info]             <consumers>
[2026-02-05 17:19:14.568] [info]                <screen>
[2026-02-05 17:19:14.568] [info]                   <device>2</device>
[2026-02-05 17:19:14.568] [info]                   <windowed>true</windowed>
[2026-02-05 17:19:14.568] [info]                   <width>960</width>
[2026-02-05 17:19:14.568] [info]                   <height>540</height>
[2026-02-05 17:19:14.568] [info]                   <x>980</x>
[2026-02-05 17:19:14.568] [info]                   <y>0</y>
[2026-02-05 17:19:14.568] [info]                </screen>
[2026-02-05 17:19:14.568] [info]             </consumers>
[2026-02-05 17:19:14.568] [info]          </channel>
[2026-02-05 17:19:14.568] [info]       </channels>
[2026-02-05 17:19:14.568] [info]       <controllers>
[2026-02-05 17:19:14.568] [info]          <tcp>
[2026-02-05 17:19:14.568] [info]             <port>5250</port>
[2026-02-05 17:19:14.568] [info]             <protocol>AMCP</protocol>
[2026-02-05 17:19:14.568] [info]          </tcp>
[2026-02-05 17:19:14.568] [info]       </controllers>
[2026-02-05 17:19:14.568] [info]       <osc>
[2026-02-05 17:19:14.568] [info]          <default-port>6250</default-port>
[2026-02-05 17:19:14.568] [info]          <disable-send-to-amcp-clients>false</disable-send-to-amcp-clients>
[2026-02-05 17:19:14.568] [info]          <predefined-clients/>
[2026-02-05 17:19:14.568] [info]       </osc>
[2026-02-05 17:19:14.568] [info]    </configuration>
[2026-02-05 17:19:14.568] [info]    -----------------------------------------
[2026-02-05 17:19:14.569] [info]    Initialized video modes.
[2026-02-05 17:19:14.569] [info]    Initializing Vulkan Device.
[2026-02-05 17:19:14.608] [info]    Found 1 Vulkan device(s):
[2026-02-05 17:19:14.608] [info]      [0] Apple M1 Pro (Integrated, API 1.2.323)
[2026-02-05 17:19:14.608] [info]    Selected Vulkan device: Apple M1 Pro
[2026-02-05 17:19:15.686] [info]    Initialized Vulkan 1.2.323 Apple M1 Pro (MoltenVK)
[2026-02-05 17:19:16.057] [info]    [vk::blend_pipeline] Vulkan blend graphics pipeline initialized (Phase 15 - MoltenVK compatible)
[2026-02-05 17:19:16.057] [info]    [vk::image_kernel] Vulkan rendering kernel initialized (Phase 7 - all pixel formats)
[2026-02-05 17:19:16.057] [info]    [vk::image_mixer] Vulkan Image Mixer initialized for channel 1
[2026-02-05 17:19:16.057] [info]    video_channel[1|720p5000] Successfully Initialized.
[2026-02-05 17:19:16.064] [info]    [vk::blend_pipeline] Vulkan blend graphics pipeline initialized (Phase 15 - MoltenVK compatible)
[2026-02-05 17:19:16.064] [info]    [vk::image_kernel] Vulkan rendering kernel initialized (Phase 7 - all pixel formats)
[2026-02-05 17:19:16.064] [info]    [vk::image_mixer] Vulkan Image Mixer initialized for channel 2
[2026-02-05 17:19:16.064] [info]    video_channel[2|720p5000] Successfully Initialized.
[2026-02-05 17:19:16.064] [info]    Initialized channels.
[2026-02-05 17:19:16.066] [info]    Initialized command repository.
[2026-02-05 17:19:16.066] [info]    Initialized image module.
[2026-02-05 17:19:16.067] [info]    Initialized ffmpeg module.
[2026-02-05 17:19:16.067] [info]    Initialized oal module.
[2026-02-05 17:19:16.067] [info]    Initialized decklink module.
[2026-02-05 17:19:16.067] [info]    Initialized newtek module.
[2026-02-05 17:19:16.067] [info]    Initialized screen module.
[2026-02-05 17:19:16.067] [info]    [html] Running from app bundle: /Users/olzzon/coding/nxt/casparcg/dist/CasparCG.app
[2026-02-05 17:19:16.068] [info]    [html] macOS CEF paths configured:
[2026-02-05 17:19:16.068] [info]    [html]   App bundle: yes
[2026-02-05 17:19:16.068] [info]    [html]   Framework: /Users/olzzon/coding/nxt/casparcg/dist/CasparCG.app/Contents/Frameworks/Chromium Embedded Framework.framework
[2026-02-05 17:19:16.068] [info]    [html]   Resources: /Users/olzzon/coding/nxt/casparcg/dist/CasparCG.app/Contents/Frameworks/Chromium Embedded Framework.framework/Resources
[2026-02-05 17:19:16.068] [info]    [html]   Subprocess: /Users/olzzon/coding/nxt/casparcg/dist/CasparCG.app/Contents/MacOS/casparcg
[2026-02-05 17:19:16.068] [info]    [html]   Bundle path: /Users/olzzon/coding/nxt/casparcg/dist/CasparCG.app
[2026-02-05 17:19:16.849] [info]    Initialized html module.
[2026-02-05 17:19:16.856] [info]    Initialized modules.
[2026-02-05 17:19:17.165] [info]    ------- Core Audio Device List -----
[2026-02-05 17:19:17.172] [info]    MacBook Pro Speakers
[2026-02-05 17:19:17.178] [info]    NDI Audio
[2026-02-05 17:19:17.179] [info]    Samleenhed
[2026-02-05 17:19:17.179] [info]    ------- Core Audio Devices List done -----
[2026-02-05 17:19:17.179] [info]    coreaudio[1|720p5000] Initialized.
[2026-02-05 17:19:17.179] [info]    Screen consumer [1|720p5000] Initialized.
[2026-02-05 17:19:17.202] [info]    [NDI] Loaded /Users/olzzon/coding/nxt/casparcg/dist/CasparCG.app/Contents/Frameworks/libndi.dylib
[2026-02-05 17:19:17.220] [info]    [mixer] Processing 0 frames for channel 1
[2026-02-05 17:19:17.386] [info]    Core Audio consumer initialized: 48000Hz, 960 samples/buffer, 8 buffers
[2026-02-05 17:19:17.458] [info]    ndi_consumer[1|CasparCG-Ch1] Initialized.
[2026-02-05 17:19:17.458] [info]    Screen consumer [2|720p5000] Initialized.
[2026-02-05 17:19:17.458] [info]    Initialized startup producers.
[2026-02-05 17:19:17.458] [info]    Initialized controllers.
[2026-02-05 17:19:17.458] [info]    Initialized osc.
[2026-02-05 17:19:17.458] [info]    Main thread entering event loop
[2026-02-05 17:19:17.492] [info]    Starting ndi-send thread for ndi output: CasparCG-Ch1
[2026-02-05 17:19:17.503] [info]    [mixer] Processing 0 frames for channel 2
[2026-02-05 17:19:17.531] [info]    [mixer] Processing 0 frames for channel 2
[2026-02-05 17:19:17.531] [info]    [mixer] Frame created: size=3686400 first_pixels=[0,0,0,0]
[2026-02-05 17:19:17.531] [info]    [mixer] Processing 0 frames for channel 1
[2026-02-05 17:19:17.531] [info]    [mixer] Frame created: size=3686400 first_pixels=[0,0,0,0]
[2026-02-05 17:19:17.531] [info]    [mixer] Processing 0 frames for channel 2
[2026-02-05 17:19:17.532] [info]    [mixer] Frame created: size=3686400 first_pixels=[0,0,0,0]
[2026-02-05 17:19:17.532] [info]    [mixer] Processing 0 frames for channel 2
[2026-02-05 17:19:17.532] [info]    [mixer] Frame created: size=3686400 first_pixels=[0,0,0,0]
[2026-02-05 17:19:17.533] [info]    [mixer] Processing 0 frames for channel 1
[2026-02-05 17:19:17.533] [info]    [mixer] Frame created: size=3686400 first_pixels=[0,0,0,0]
[2026-02-05 17:19:17.533] [info]    [mixer] Processing 0 frames for channel 2
[2026-02-05 17:19:17.533] [info]    [mixer] Frame created: size=3686400 first_pixels=[0,0,0,0]
[2026-02-05 17:19:17.533] [info]    [mixer] Processing 0 frames for channel 2
[2026-02-05 17:19:17.534] [info]    [mixer] Frame created: size=3686400 first_pixels=[0,0,0,0]
[2026-02-05 17:19:17.534] [info]    [mixer] Processing 0 frames for channel 1
[2026-02-05 17:19:17.534] [info]    [mixer] Frame created: size=3686400 first_pixels=[0,0,0,0]
[2026-02-05 17:19:17.536] [info]    [mixer] Processing 0 frames for channel 1
[2026-02-05 17:19:17.537] [info]    [mixer] Frame created: size=3686400 first_pixels=[0,0,0,0]
[2026-02-05 17:19:17.537] [info]    [mixer] Processing 0 frames for channel 1
[2026-02-05 17:19:17.537] [info]    [mixer] Frame created: size=3686400 first_pixels=[0,0,0,0]
[2026-02-05 17:19:17.540] [info]    [mixer] Processing 0 frames for channel 1
[2026-02-05 17:19:17.540] [info]    [mixer] Frame created: size=3686400 first_pixels=[0,0,0,0]
[2026-02-05 17:19:17.540] [info]    [mixer] Processing 0 frames for channel 1
[2026-02-05 17:19:17.540] [info]    [mixer] Frame created: size=3686400 first_pixels=[0,0,0,0]
[2026-02-05 17:19:17.541] [info]    [mixer] Processing 0 frames for channel 1
[2026-02-05 17:19:17.541] [info]    [mixer] Frame created: size=3686400 first_pixels=[0,0,0,0]
[2026-02-05 17:19:17.541] [info]    [mixer] Processing 0 frames for channel 1
[2026-02-05 17:19:17.541] [info]    [mixer] Frame created: size=3686400 first_pixels=[0,0,0,0]
[2026-02-05 17:19:17.542] [info]    [mixer] Processing 0 frames for channel 1
[2026-02-05 17:19:17.545] [info]    [mixer] Frame created: size=3686400 first_pixels=[0,0,0,0]
[2026-02-05 17:19:17.546] [info]    [mixer] Processing 0 frames for channel 1
[2026-02-05 17:19:17.547] [info]    [mixer] Frame created: size=3686400 first_pixels=[0,0,0,0]
[2026-02-05 17:19:17.547] [info]    [mixer] Processing 0 frames for channel 2
[2026-02-05 17:19:17.547] [info]    [mixer] Frame created: size=3686400 first_pixels=[0,0,0,0]
[2026-02-05 17:19:17.547] [info]    [mixer] Processing 0 frames for channel 1
[2026-02-05 17:19:17.547] [info]    [mixer] Frame created: size=3686400 first_pixels=[0,0,0,0]
[2026-02-05 17:19:17.548] [info]    [mixer] Processing 0 frames for channel 1
[2026-02-05 17:19:17.548] [info]    [mixer] Frame created: size=3686400 first_pixels=[0,0,0,0]
[2026-02-05 17:19:17.548] [info]    [mixer] Processing 0 frames for channel 1
[2026-02-05 17:19:17.548] [info]    [mixer] Frame created: size=3686400 first_pixels=[0,0,0,0]
[2026-02-05 17:19:17.549] [info]    [mixer] Processing 0 frames for channel 1
[2026-02-05 17:19:17.550] [info]    [mixer] Processing 0 frames for channel 1
[2026-02-05 17:19:17.550] [info]    [mixer] Processing 0 frames for channel 1
[2026-02-05 17:19:17.550] [info]    [mixer] Processing 0 frames for channel 1
[2026-02-05 17:19:17.591] [info]    [mixer] Processing 0 frames for channel 1
[2026-02-05 17:19:17.591] [info]    [mixer] Processing 0 frames for channel 2
[2026-02-05 17:19:17.691] [info]    [mixer] Processing 0 frames for channel 2
[2026-02-05 17:19:17.762] [info]    [mixer] Processing 0 frames for channel 1
[2026-02-05 17:19:17.946] [info]    Initializing Vulkan Device.
[2026-02-05 17:19:17.946] [info]    Initializing Vulkan Device.
[2026-02-05 17:19:17.948] [info]    Found 1 Vulkan device(s):
[2026-02-05 17:19:17.948] [info]      [0] Apple M1 Pro (Integrated, API 1.2.323)
[2026-02-05 17:19:17.948] [info]    Selected Vulkan device: Apple M1 Pro
[2026-02-05 17:19:17.950] [info]    Found 1 Vulkan device(s):
[2026-02-05 17:19:17.950] [info]      [0] Apple M1 Pro (Integrated, API 1.2.323)
[2026-02-05 17:19:17.950] [info]    Selected Vulkan device: Apple M1 Pro
[2026-02-05 17:19:17.951] [info]    Initialized Vulkan 1.2.323 Apple M1 Pro (MoltenVK)
[2026-02-05 17:19:17.953] [info]    Initialized Vulkan 1.2.323 Apple M1 Pro (MoltenVK)
[2026-02-05 17:19:17.953] [info]    [vk::screen] Configured CAMetalLayer: drawableSize=1920x1080 contentsScale=2 device=set
[2026-02-05 17:19:17.953] [info]    [vk::screen] Created Vulkan surface via VK_EXT_metal_surface
[2026-02-05 17:19:17.953] [info]    [vk::swapchain] Using pre-created Vulkan surface
[2026-02-05 17:19:17.953] [info]    [vk::swapchain] Selected format: B8G8R8A8_UNORM
[2026-02-05 17:19:17.954] [info]    [vk::swapchain] Vulkan swapchain initialized (1920x1080, 3 images)
[2026-02-05 17:19:17.954] [info]    [vk::screen] Configured CAMetalLayer: drawableSize=1920x1080 contentsScale=2 device=set
[2026-02-05 17:19:17.954] [info]    [vk::screen] Created Vulkan surface via VK_EXT_metal_surface
[2026-02-05 17:19:17.954] [info]    [vk::swapchain] Using pre-created Vulkan surface
[2026-02-05 17:19:17.954] [info]    [vk::swapchain] Selected format: B8G8R8A8_UNORM
[2026-02-05 17:19:17.954] [info]    [vk::swapchain] Vulkan swapchain initialized (1920x1080, 3 images)
[2026-02-05 17:19:18.134] [info]    [vk::render_pipeline] Vulkan render pipeline initialized (Phase 9)
[2026-02-05 17:19:18.134] [info]    [vk::render_pipeline] Vulkan render pipeline initialized (Phase 9)
[2026-02-05 17:19:18.134] [info]    [vk::texture] Format R8G8B8A8_UNORM properties: linearTiling=2147540355 optimalTiling=2147540355 buffer=2147483736 STORAGE_IMAGE_BIT=2 hasStorageImage=YES
[2026-02-05 17:19:18.146] [info]    [vk::screen] Triggered window position change to force initial content display
[2026-02-05 17:19:18.147] [info]    [vk::screen] Triggered window position change to force initial content display
[2026-02-05 17:19:22.500] [info]    [mixer] Processing 0 frames for channel 2
[2026-02-05 17:19:27.361] [info]    [mixer] Processing 0 frames for channel 1
[2026-02-05 17:19:32.290] [info]    [mixer] Processing 0 frames for channel 2
[2026-02-05 17:19:37.295] [info]    [mixer] Processing 0 frames for channel 2
[2026-02-05 17:19:42.289] [info]    [mixer] Processing 0 frames for channel 2
[2026-02-05 17:19:47.288] [info]    [mixer] Processing 0 frames for channel 2
[2026-02-05 17:19:52.286] [info]    [mixer] Processing 0 frames for channel 2
[2026-02-05 17:19:57.285] [info]    [mixer] Processing 0 frames for channel 2
[2026-02-05 17:20:02.297] [info]    [mixer] Processing 0 frames for channel 2
[2026-02-05 17:20:07.289] [info]    [mixer] Processing 0 frames for channel 2
[2026-02-05 17:20:12.291] [info]    [mixer] Processing 0 frames for channel 2
[2026-02-05 17:20:17.294] [info]    [mixer] Processing 0 frames for channel 2
[2026-02-05 17:20:22.412] [info]    [mixer] Processing 0 frames for channel 2
[2026-02-05 17:20:31.962] [info]    [mixer] Processing 0 frames for channel 2
[2026-02-05 17:20:32.359] [info]    [mixer] Processing 0 frames for channel 1
[2026-02-05 17:20:37.918] [info]    [mixer] Processing 0 frames for channel 1
[2026-02-05 17:20:42.285] [info]    [mixer] Processing 0 frames for channel 2
[2026-02-05 17:20:47.289] [info]    [mixer] Processing 0 frames for channel 2
[2026-02-05 17:20:52.287] [info]    [mixer] Processing 0 frames for channel 2
[2026-02-05 17:20:57.295] [info]    [mixer] Processing 0 frames for channel 1
[2026-02-05 17:20:59.549] [info]    Main thread exiting event loop
[2026-02-05 17:20:59.550] [info]    video_channel[2|720p5000] Uninitializing.
[2026-02-05 17:20:59.564] [info]    [asio] Shutting down global io_context.
[2026-02-05 17:20:59.564] [error]   Exception: /opt/homebrew/include/boost/asio/basic_socket_acceptor.hpp(1117): Throw in function local_endpoint
[2026-02-05 17:20:59.564] [error]   Dynamic exception type: boost::wrapexcept<boost::system::system_error>
[2026-02-05 17:20:59.564] [error]   std::exception::what: local_endpoint: Bad file descriptor [system:9 at /opt/homebrew/include/boost/asio/detail/reactive_socket_service.hpp:202:35 in function 'local_endpoint']
[2026-02-05 17:20:59.564] [error]   
[2026-02-05 17:20:59.564] [error]    0# caspar::log::get_stack_trace() in /Users/olzzon/coding/nxt/casparcg/dist/CasparCG.app/Contents/MacOS/casparcg
[2026-02-05 17:20:59.564] [error]    1# void* std::__1::__thread_proxy[abi:ne200100]<std::__1::tuple<std::__1::unique_ptr<std::__1::__thread_struct, std::__1::default_delete<std::__1::__thread_struct>>, caspar::create_io_context_with_running_service()::$_0>>(void*) in /Users/olzzon/coding/nxt/casparcg/dist/CasparCG.app/Contents/MacOS/casparcg
[2026-02-05 17:20:59.564] [error]    2# _pthread_start in /usr/lib/system/libsystem_pthread.dylib
[2026-02-05 17:20:59.564] [error]   
[2026-02-05 17:20:59.568] [info]    [asio] Global io_context uninitialized.
[2026-02-05 17:20:59.651] [warning] [vk::screen] poll() timed out waiting for main thread
[2026-02-05 17:20:59.656] [warning] [vk::screen] poll() timed out waiting for main thread
[2026-02-05 17:20:59.656] [info]    [vk::swapchain] Vulkan swapchain destroyed
[2026-02-05 17:20:59.659] [info]    Vulkan Device destroyed.
[2026-02-05 17:20:59.661] [info]    [vk::swapchain] Vulkan swapchain destroyed
[2026-02-05 17:20:59.662] [info]    Vulkan Device destroyed.
[2026-02-05 17:21:00.660] [warning] Screen consumer [1|720p5000] GLFW cleanup timed out - main thread may be blocked
[2026-02-05 17:21:00.662] [info]    Screen consumer [1|720p5000] Uninitialized.
[2026-02-05 17:21:00.663] [warning] Screen consumer [2|720p5000] GLFW cleanup timed out - main thread may be blocked
[2026-02-05 17:21:00.663] [info]    Screen consumer [2|720p5000] Uninitialized.
[2026-02-05 17:21:00.663] [info]    video_channel[1|720p5000] Uninitializing.
[2026-02-05 17:21:00.688] [info]    coreaudio[1|720p5000] Uninitialized.
[2026-02-05 17:21:00.729] [info]    ndi_consumer[1|CasparCG-Ch1] Uninitialized.
[2026-02-05 17:21:00.881] [info]    Vulkan Device destroyed.
[2026-02-05 17:21:00.881] [info]    Successfully shutdown CasparCG Server.
