[2026-02-07 08:16:45.634] [info]    ############################################################################
[2026-02-07 08:16:45.635] [info]    CasparCG Server is distributed by the Swedish Broadcasting Corporation (SVT)
[2026-02-07 08:16:45.635] [info]    under the GNU General Public License GPLv3 or higher.
[2026-02-07 08:16:45.635] [info]    Please see LICENSE.TXT for details.
[2026-02-07 08:16:45.635] [info]    http://www.casparcg.com/
[2026-02-07 08:16:45.635] [info]    ############################################################################
[2026-02-07 08:16:45.635] [info]    Starting CasparCG Video and Graphics Playout Server 2.5.0 9d5ae5a37 Dev
[2026-02-07 08:16:45.635] [info]    "/Users/olzzon/coding/nxt/casparcg/casparcg.config":
[2026-02-07 08:16:45.635] [info]    -----------------------------------------
[2026-02-07 08:16:45.635] [info]    <?xml version="1.0" encoding="utf-8"?>
[2026-02-07 08:16:45.635] [info]    <configuration>
[2026-02-07 08:16:45.635] [info]       <paths>
[2026-02-07 08:16:45.635] [info]          <media-path>media/</media-path>
[2026-02-07 08:16:45.635] [info]          <log-path>log/</log-path>
[2026-02-07 08:16:45.635] [info]          <data-path>data/</data-path>
[2026-02-07 08:16:45.635] [info]          <template-path>template/</template-path>
[2026-02-07 08:16:45.635] [info]       </paths>
[2026-02-07 08:16:45.635] [info]       <lock-clear-phrase>secret</lock-clear-phrase>
[2026-02-07 08:16:45.635] [info]       <channels>
[2026-02-07 08:16:45.635] [info]          <channel>
[2026-02-07 08:16:45.635] [info]             <video-mode>1080p5000</video-mode>
[2026-02-07 08:16:45.635] [info]             <consumers>
[2026-02-07 08:16:45.635] [info]                <system-audio/>
[2026-02-07 08:16:45.635] [info]                <screen>
[2026-02-07 08:16:45.635] [info]                   <device>1</device>
[2026-02-07 08:16:45.635] [info]                   <windowed>true</windowed>
[2026-02-07 08:16:45.635] [info]                </screen>
[2026-02-07 08:16:45.635] [info]             </consumers>
[2026-02-07 08:16:45.635] [info]          </channel>
[2026-02-07 08:16:45.635] [info]       </channels>
[2026-02-07 08:16:45.635] [info]       <controllers>
[2026-02-07 08:16:45.635] [info]          <tcp>
[2026-02-07 08:16:45.635] [info]             <port>5250</port>
[2026-02-07 08:16:45.635] [info]             <protocol>AMCP</protocol>
[2026-02-07 08:16:45.635] [info]          </tcp>
[2026-02-07 08:16:45.635] [info]       </controllers>
[2026-02-07 08:16:45.635] [info]       <osc>
[2026-02-07 08:16:45.635] [info]          <default-port>6250</default-port>
[2026-02-07 08:16:45.635] [info]          <disable-send-to-amcp-clients>false</disable-send-to-amcp-clients>
[2026-02-07 08:16:45.635] [info]          <predefined-clients/>
[2026-02-07 08:16:45.635] [info]       </osc>
[2026-02-07 08:16:45.635] [info]    </configuration>
[2026-02-07 08:16:45.635] [info]    -----------------------------------------
[2026-02-07 08:16:45.635] [info]    Initialized video modes.
[2026-02-07 08:16:45.635] [info]    Initializing Vulkan Device.
[2026-02-07 08:16:45.874] [info]    Found 3 Vulkan device(s):
[2026-02-07 08:16:45.875] [info]      [0] Apple M1 Pro (Integrated, API 1.2.0)
[2026-02-07 08:16:45.875] [info]      [1] Apple M1 Pro (Integrated, API 1.2.323)
[2026-02-07 08:16:45.875] [info]      [2] Apple M1 Pro (Integrated, API 1.2.323)
[2026-02-07 08:16:45.875] [info]    Selected Vulkan device: Apple M1 Pro
[2026-02-07 08:16:45.924] [info]    Initialized Vulkan 1.2.0 Apple M1 Pro (MoltenVK)
[2026-02-07 08:16:45.938] [info]    [vk::blend_pipeline] Vulkan blend graphics pipeline initialized (Phase 15 - MoltenVK compatible)
[2026-02-07 08:16:45.938] [info]    [vk::image_kernel] Vulkan rendering kernel initialized (Phase 7 - all pixel formats)
[2026-02-07 08:16:45.938] [info]    [vk::image_mixer] Vulkan Image Mixer initialized for channel 1
[2026-02-07 08:16:45.938] [info]    video_channel[1|1080p5000] Successfully Initialized.
[2026-02-07 08:16:45.938] [info]    Initialized channels.
[2026-02-07 08:16:45.938] [info]    Initialized command repository.
[2026-02-07 08:16:45.938] [info]    Initialized image module.
[2026-02-07 08:16:45.939] [info]    Initialized ffmpeg module.
[2026-02-07 08:16:45.939] [info]    Initialized oal module.
[2026-02-07 08:16:45.939] [info]    Initialized decklink module.
[2026-02-07 08:16:45.939] [info]    Initialized newtek module.
[2026-02-07 08:16:45.939] [info]    Initialized screen module.
[2026-02-07 08:16:45.939] [info]    [html] Running from app bundle: /Users/olzzon/coding/nxt/casparcg/dist/CasparCG.app
[2026-02-07 08:16:45.939] [info]    [html] macOS CEF paths configured:
[2026-02-07 08:16:45.939] [info]    [html]   App bundle: yes
[2026-02-07 08:16:45.939] [info]    [html]   Framework: /Users/olzzon/coding/nxt/casparcg/dist/CasparCG.app/Contents/Frameworks/Chromium Embedded Framework.framework
[2026-02-07 08:16:45.939] [info]    [html]   Resources: /Users/olzzon/coding/nxt/casparcg/dist/CasparCG.app/Contents/Frameworks/Chromium Embedded Framework.framework/Resources
[2026-02-07 08:16:45.939] [info]    [html]   Subprocess: /Users/olzzon/coding/nxt/casparcg/dist/CasparCG.app/Contents/MacOS/casparcg
[2026-02-07 08:16:45.939] [info]    [html]   Bundle path: /Users/olzzon/coding/nxt/casparcg/dist/CasparCG.app
[2026-02-07 08:16:46.354] [info]    Initialized html module.
[2026-02-07 08:16:46.358] [info]    Initialized modules.
[2026-02-07 08:16:46.477] [info]    ------- Core Audio Device List -----
[2026-02-07 08:16:46.481] [info]    MacBook Pro Speakers
[2026-02-07 08:16:46.483] [info]    NDI Audio
[2026-02-07 08:16:46.486] [info]    Samleenhed
[2026-02-07 08:16:46.486] [info]    ------- Core Audio Devices List done -----
[2026-02-07 08:16:46.486] [info]    coreaudio[1|1080p5000] Initialized.
[2026-02-07 08:16:46.487] [info]    Screen consumer [1|1080p5000] Initialized.
[2026-02-07 08:16:46.487] [info]    Initialized startup producers.
[2026-02-07 08:16:46.487] [info]    Initialized controllers.
[2026-02-07 08:16:46.491] [info]    Initialized osc.
[2026-02-07 08:16:46.491] [info]    Main thread entering event loop
[2026-02-07 08:16:46.498] [info]    Core Audio consumer initialized: 48000Hz, 960 samples/buffer, 8 buffers
[2026-02-07 08:16:46.506] [info]    [mixer] Processing 0 frames for channel 1
[2026-02-07 08:16:46.739] [info]    [mixer] Processing 0 frames for channel 1
[2026-02-07 08:16:46.740] [info]    [mixer] Frame created: size=8294400 first_pixels=[0,0,0,0]
[2026-02-07 08:16:46.740] [info]    [mixer] Processing 0 frames for channel 1
[2026-02-07 08:16:46.741] [info]    [mixer] Frame created: size=8294400 first_pixels=[0,0,0,0]
[2026-02-07 08:16:46.786] [info]    Initializing Vulkan Device.
[2026-02-07 08:16:46.789] [info]    Found 3 Vulkan device(s):
[2026-02-07 08:16:46.789] [info]      [0] Apple M1 Pro (Integrated, API 1.2.0)
[2026-02-07 08:16:46.789] [info]      [1] Apple M1 Pro (Integrated, API 1.2.323)
[2026-02-07 08:16:46.789] [info]      [2] Apple M1 Pro (Integrated, API 1.2.323)
[2026-02-07 08:16:46.789] [info]    Selected Vulkan device: Apple M1 Pro
[2026-02-07 08:16:46.790] [info]    Initialized Vulkan 1.2.0 Apple M1 Pro (MoltenVK)
[2026-02-07 08:16:46.791] [info]    [vk::screen] Configured CAMetalLayer: drawableSize=3456x2104 contentsScale=2 device=set
[2026-02-07 08:16:46.791] [info]    [vk::screen] Created Vulkan surface via VK_EXT_metal_surface
[2026-02-07 08:16:46.791] [info]    [vk::swapchain] Using pre-created Vulkan surface
[2026-02-07 08:16:46.791] [info]    [vk::swapchain] Selected format: B8G8R8A8_UNORM
[2026-02-07 08:16:46.791] [info]    [vk::swapchain] Vulkan swapchain initialized (3456x2104, 3 images)
[2026-02-07 08:16:46.793] [info]    [vk::render_pipeline] Vulkan render pipeline initialized (Phase 9)
[2026-02-07 08:16:46.793] [info]    [vk::texture] Format R8G8B8A8_UNORM properties: linearTiling=2147540355 optimalTiling=2147540355 buffer=2147483736 STORAGE_IMAGE_BIT=2 hasStorageImage=YES
[2026-02-07 08:16:46.804] [info]    [vk::screen] Triggered window position change to force initial content display
[2026-02-07 08:16:46.741] [info]    [mixer] Processing 0 frames for channel 1
[2026-02-07 08:16:46.819] [info]    [mixer] Frame created: size=8294400 first_pixels=[0,0,0,0]
[2026-02-07 08:16:46.819] [info]    [mixer] Processing 0 frames for channel 1
[2026-02-07 08:16:46.819] [info]    [mixer] Frame created: size=8294400 first_pixels=[0,0,0,0]
[2026-02-07 08:16:46.820] [info]    [mixer] Processing 0 frames for channel 1
[2026-02-07 08:16:46.820] [info]    [mixer] Frame created: size=8294400 first_pixels=[0,0,0,0]
[2026-02-07 08:16:46.821] [info]    [mixer] Processing 0 frames for channel 1
[2026-02-07 08:16:46.821] [info]    [mixer] Frame created: size=8294400 first_pixels=[0,0,0,0]
[2026-02-07 08:16:46.823] [info]    [mixer] Processing 0 frames for channel 1
[2026-02-07 08:16:46.827] [info]    [mixer] Frame created: size=8294400 first_pixels=[0,0,0,0]
[2026-02-07 08:16:46.828] [info]    [mixer] Processing 0 frames for channel 1
[2026-02-07 08:16:46.829] [info]    [mixer] Frame created: size=8294400 first_pixels=[0,0,0,0]
[2026-02-07 08:16:46.833] [info]    [mixer] Processing 0 frames for channel 1
[2026-02-07 08:16:46.834] [info]    [mixer] Frame created: size=8294400 first_pixels=[0,0,0,0]
[2026-02-07 08:16:46.835] [info]    [mixer] Processing 0 frames for channel 1
[2026-02-07 08:16:46.835] [info]    [mixer] Frame created: size=8294400 first_pixels=[0,0,0,0]
[2026-02-07 08:16:46.836] [info]    [mixer] Processing 0 frames for channel 1
[2026-02-07 08:16:46.836] [info]    [mixer] Frame created: size=8294400 first_pixels=[0,0,0,0]
[2026-02-07 08:16:46.837] [info]    [mixer] Processing 0 frames for channel 1
[2026-02-07 08:16:46.837] [info]    [mixer] Frame created: size=8294400 first_pixels=[0,0,0,0]
[2026-02-07 08:16:47.083] [info]    [mixer] Processing 0 frames for channel 1
[2026-02-07 08:16:47.094] [info]    [mixer] Frame created: size=8294400 first_pixels=[0,0,0,0]
[2026-02-07 08:16:47.099] [info]    [mixer] Processing 0 frames for channel 1
[2026-02-07 08:16:50.308] [info]    [mixer] Frame created: size=8294400 first_pixels=[0,0,0,0]
[2026-02-07 08:16:50.573] [info]    [mixer] Processing 0 frames for channel 1
[2026-02-07 08:16:50.574] [info]    [mixer] Frame created: size=8294400 first_pixels=[0,0,0,0]
[2026-02-07 08:16:50.578] [info]    [mixer] Processing 0 frames for channel 1
[2026-02-07 08:16:50.578] [info]    [mixer] Frame created: size=8294400 first_pixels=[0,0,0,0]
[2026-02-07 08:16:50.581] [info]    [mixer] Processing 0 frames for channel 1
[2026-02-07 08:16:50.591] [info]    [mixer] Frame created: size=8294400 first_pixels=[0,0,0,0]
[2026-02-07 08:16:50.592] [info]    [mixer] Processing 0 frames for channel 1
[2026-02-07 08:16:50.593] [info]    [mixer] Frame created: size=8294400 first_pixels=[0,0,0,0]
[2026-02-07 08:16:50.594] [info]    [mixer] Processing 0 frames for channel 1
[2026-02-07 08:16:50.594] [info]    [mixer] Frame created: size=8294400 first_pixels=[0,0,0,0]
[2026-02-07 08:16:50.594] [info]    [mixer] Processing 0 frames for channel 1
[2026-02-07 08:16:50.594] [info]    [mixer] Frame created: size=8294400 first_pixels=[0,0,0,0]
[2026-02-07 08:16:50.595] [info]    [mixer] Processing 0 frames for channel 1
[2026-02-07 08:16:50.595] [info]    [mixer] Processing 0 frames for channel 1
[2026-02-07 08:16:50.596] [info]    [mixer] Processing 0 frames for channel 1
[2026-02-07 08:16:50.596] [info]    [mixer] Processing 0 frames for channel 1
[2026-02-07 08:16:50.596] [info]    [mixer] Processing 0 frames for channel 1
[2026-02-07 08:16:50.596] [info]    [mixer] Processing 0 frames for channel 1
[2026-02-07 08:16:50.597] [info]    [mixer] Processing 0 frames for channel 1
[2026-02-07 08:16:50.597] [info]    [mixer] Processing 0 frames for channel 1
[2026-02-07 08:16:50.597] [info]    [mixer] Processing 0 frames for channel 1
[2026-02-07 08:16:56.481] [info]    [mixer] Processing 0 frames for channel 1
[2026-02-07 08:17:06.481] [info]    [mixer] Processing 0 frames for channel 1
[2026-02-07 08:17:12.434] [info]    Received message from Console: play 1-10 test1 loop\r\n
[2026-02-07 08:17:12.461] [warning] [ffmpeg] [out @ 0x13c130ab530] The "all_channel_counts" option is deprecated: accept all channel counts
[2026-02-07 08:17:12.461] [warning] 
[2026-02-07 08:17:12.487] [warning] [ffmpeg] [in_0 @ 0x13c130a3670] Changing video frame properties on the fly is not supported by all filters.
[2026-02-07 08:17:12.487] [warning] 
[2026-02-07 08:17:12.487] [warning] [ffmpeg] [in_0 @ 0x13c130a3670] filter context - w: 1280 h: 720 fmt: 0 csp: unknown range: unknown alpha: unspecified, incoming frame - w: 1280 h: 720 fmt: 0 csp: bt709 range: tv alpha: unspecified pts_time: 0
[2026-02-07 08:17:12.487] [warning] 
[2026-02-07 08:17:12.501] [warning] ffmpeg[test1|0.0000/14.7200] Latency: 4
[2026-02-07 08:17:16.481] [info]    [mixer] Processing 1 frames for channel 1
[2026-02-07 08:17:18.340] [info]    Received message from Console: play 1-12 wipe loop\r\n
[2026-02-07 08:17:18.386] [warning] [ffmpeg] [in_0 @ 0x13c131c0340] Changing video frame properties on the fly is not supported by all filters.
[2026-02-07 08:17:18.386] [warning] 
[2026-02-07 08:17:18.386] [warning] [ffmpeg] [in_0 @ 0x13c131c0340] filter context - w: 1920 h: 1080 fmt: 187 csp: unknown range: unknown alpha: unspecified, incoming frame - w: 1920 h: 1080 fmt: 187 csp: bt709 range: tv alpha: unspecified pts_time: 0
[2026-02-07 08:17:18.386] [warning] 
[2026-02-07 08:17:18.441] [warning] ffmpeg[wipe|0.0000/1.2600] Latency: 8
[2026-02-07 08:17:19.481] [warning] [ffmpeg] [in_0 @ 0x13c1318b6d0] Changing video frame properties on the fly is not supported by all filters.
[2026-02-07 08:17:19.481] [warning] 
[2026-02-07 08:17:19.481] [warning] [ffmpeg] [in_0 @ 0x13c1318b6d0] filter context - w: 1920 h: 1080 fmt: 187 csp: unknown range: unknown alpha: unspecified, incoming frame - w: 1920 h: 1080 fmt: 187 csp: bt709 range: tv alpha: unspecified pts_time: 0
[2026-02-07 08:17:19.481] [warning] 
[2026-02-07 08:17:20.740] [warning] [ffmpeg] [in_0 @ 0x13c13334370] Changing video frame properties on the fly is not supported by all filters.
[2026-02-07 08:17:20.740] [warning] 
[2026-02-07 08:17:20.740] [warning] [ffmpeg] [in_0 @ 0x13c13334370] filter context - w: 1920 h: 1080 fmt: 187 csp: unknown range: unknown alpha: unspecified, incoming frame - w: 1920 h: 1080 fmt: 187 csp: bt709 range: tv alpha: unspecified pts_time: 0
[2026-02-07 08:17:20.740] [warning] 
[2026-02-07 08:17:22.003] [warning] [ffmpeg] [in_0 @ 0x13c08c40a90] Changing video frame properties on the fly is not supported by all filters.
[2026-02-07 08:17:22.003] [warning] 
[2026-02-07 08:17:22.003] [warning] [ffmpeg] [in_0 @ 0x13c08c40a90] filter context - w: 1920 h: 1080 fmt: 187 csp: unknown range: unknown alpha: unspecified, incoming frame - w: 1920 h: 1080 fmt: 187 csp: bt709 range: tv alpha: unspecified pts_time: 0
[2026-02-07 08:17:22.003] [warning] 
[2026-02-07 08:17:23.264] [warning] [ffmpeg] [in_0 @ 0x13c133acf30] Changing video frame properties on the fly is not supported by all filters.
[2026-02-07 08:17:23.264] [warning] 
[2026-02-07 08:17:23.264] [warning] [ffmpeg] [in_0 @ 0x13c133acf30] filter context - w: 1920 h: 1080 fmt: 187 csp: unknown range: unknown alpha: unspecified, incoming frame - w: 1920 h: 1080 fmt: 187 csp: bt709 range: tv alpha: unspecified pts_time: 0
[2026-02-07 08:17:23.264] [warning] 
[2026-02-07 08:17:24.524] [warning] [ffmpeg] [in_0 @ 0x13c131260b0] Changing video frame properties on the fly is not supported by all filters.
[2026-02-07 08:17:24.524] [warning] 
[2026-02-07 08:17:24.525] [warning] [ffmpeg] [in_0 @ 0x13c131260b0] filter context - w: 1920 h: 1080 fmt: 187 csp: unknown range: unknown alpha: unspecified, incoming frame - w: 1920 h: 1080 fmt: 187 csp: bt709 range: tv alpha: unspecified pts_time: 0
[2026-02-07 08:17:24.525] [warning] 
[2026-02-07 08:17:25.785] [warning] [ffmpeg] [in_0 @ 0x13c1312f700] Changing video frame properties on the fly is not supported by all filters.
[2026-02-07 08:17:25.785] [warning] 
[2026-02-07 08:17:25.785] [warning] [ffmpeg] [in_0 @ 0x13c1312f700] filter context - w: 1920 h: 1080 fmt: 187 csp: unknown range: unknown alpha: unspecified, incoming frame - w: 1920 h: 1080 fmt: 187 csp: bt709 range: tv alpha: unspecified pts_time: 0
[2026-02-07 08:17:25.785] [warning] 
[2026-02-07 08:17:26.481] [info]    [mixer] Processing 2 frames for channel 1
[2026-02-07 08:17:26.979] [warning] [ffmpeg] [out @ 0x13c130a9cd0] The "all_channel_counts" option is deprecated: accept all channel counts
[2026-02-07 08:17:26.979] [warning] 
[2026-02-07 08:17:27.003] [warning] [ffmpeg] [in_0 @ 0x13c12874c60] Changing video frame properties on the fly is not supported by all filters.
[2026-02-07 08:17:27.003] [warning] 
[2026-02-07 08:17:27.004] [warning] [ffmpeg] [in_0 @ 0x13c12874c60] filter context - w: 1280 h: 720 fmt: 0 csp: unknown range: unknown alpha: unspecified, incoming frame - w: 1280 h: 720 fmt: 0 csp: bt709 range: tv alpha: unspecified pts_time: 0
[2026-02-07 08:17:27.004] [warning] 
[2026-02-07 08:17:27.045] [warning] [ffmpeg] [in_0 @ 0x13c13121380] Changing video frame properties on the fly is not supported by all filters.
[2026-02-07 08:17:27.045] [warning] 
[2026-02-07 08:17:27.045] [warning] [ffmpeg] [in_0 @ 0x13c13121380] filter context - w: 1920 h: 1080 fmt: 187 csp: unknown range: unknown alpha: unspecified, incoming frame - w: 1920 h: 1080 fmt: 187 csp: bt709 range: tv alpha: unspecified pts_time: 0
[2026-02-07 08:17:27.045] [warning] 
[2026-02-07 08:17:28.306] [warning] [ffmpeg] [in_0 @ 0x13c1318a900] Changing video frame properties on the fly is not supported by all filters.
[2026-02-07 08:17:28.306] [warning] 
[2026-02-07 08:17:28.306] [warning] [ffmpeg] [in_0 @ 0x13c1318a900] filter context - w: 1920 h: 1080 fmt: 187 csp: unknown range: unknown alpha: unspecified, incoming frame - w: 1920 h: 1080 fmt: 187 csp: bt709 range: tv alpha: unspecified pts_time: 0
[2026-02-07 08:17:28.306] [warning] 
[2026-02-07 08:17:29.562] [warning] [ffmpeg] [in_0 @ 0x13c1318ead0] Changing video frame properties on the fly is not supported by all filters.
[2026-02-07 08:17:29.562] [warning] 
[2026-02-07 08:17:29.562] [warning] [ffmpeg] [in_0 @ 0x13c1318ead0] filter context - w: 1920 h: 1080 fmt: 187 csp: unknown range: unknown alpha: unspecified, incoming frame - w: 1920 h: 1080 fmt: 187 csp: bt709 range: tv alpha: unspecified pts_time: 0
[2026-02-07 08:17:29.562] [warning] 
[2026-02-07 08:17:30.824] [warning] [ffmpeg] [in_0 @ 0x13c131835a0] Changing video frame properties on the fly is not supported by all filters.
[2026-02-07 08:17:30.824] [warning] 
[2026-02-07 08:17:30.824] [warning] [ffmpeg] [in_0 @ 0x13c131835a0] filter context - w: 1920 h: 1080 fmt: 187 csp: unknown range: unknown alpha: unspecified, incoming frame - w: 1920 h: 1080 fmt: 187 csp: bt709 range: tv alpha: unspecified pts_time: 0
[2026-02-07 08:17:30.824] [warning] 
[2026-02-07 08:17:32.083] [warning] [ffmpeg] [in_0 @ 0x13c1333f630] Changing video frame properties on the fly is not supported by all filters.
[2026-02-07 08:17:32.083] [warning] 
[2026-02-07 08:17:32.083] [warning] [ffmpeg] [in_0 @ 0x13c1333f630] filter context - w: 1920 h: 1080 fmt: 187 csp: unknown range: unknown alpha: unspecified, incoming frame - w: 1920 h: 1080 fmt: 187 csp: bt709 range: tv alpha: unspecified pts_time: 0
[2026-02-07 08:17:32.083] [warning] 
[2026-02-07 08:17:33.343] [warning] [ffmpeg] [in_0 @ 0x13c130a8bc0] Changing video frame properties on the fly is not supported by all filters.
[2026-02-07 08:17:33.343] [warning] 
[2026-02-07 08:17:33.343] [warning] [ffmpeg] [in_0 @ 0x13c130a8bc0] filter context - w: 1920 h: 1080 fmt: 187 csp: unknown range: unknown alpha: unspecified, incoming frame - w: 1920 h: 1080 fmt: 187 csp: bt709 range: tv alpha: unspecified pts_time: 0
[2026-02-07 08:17:33.343] [warning] 
[2026-02-07 08:17:34.605] [warning] [ffmpeg] [in_0 @ 0x13c130a6ce0] Changing video frame properties on the fly is not supported by all filters.
[2026-02-07 08:17:34.605] [warning] 
[2026-02-07 08:17:34.605] [warning] [ffmpeg] [in_0 @ 0x13c130a6ce0] filter context - w: 1920 h: 1080 fmt: 187 csp: unknown range: unknown alpha: unspecified, incoming frame - w: 1920 h: 1080 fmt: 187 csp: bt709 range: tv alpha: unspecified pts_time: 0
[2026-02-07 08:17:34.605] [warning] 
[2026-02-07 08:17:35.862] [warning] [ffmpeg] [in_0 @ 0x13c131c05b0] Changing video frame properties on the fly is not supported by all filters.
[2026-02-07 08:17:35.862] [warning] 
[2026-02-07 08:17:35.862] [warning] [ffmpeg] [in_0 @ 0x13c131c05b0] filter context - w: 1920 h: 1080 fmt: 187 csp: unknown range: unknown alpha: unspecified, incoming frame - w: 1920 h: 1080 fmt: 187 csp: bt709 range: tv alpha: unspecified pts_time: 0
[2026-02-07 08:17:35.862] [warning] 
[2026-02-07 08:17:36.481] [info]    [mixer] Processing 2 frames for channel 1
[2026-02-07 08:17:37.126] [warning] [ffmpeg] [in_0 @ 0x13c1287fcb0] Changing video frame properties on the fly is not supported by all filters.
[2026-02-07 08:17:37.126] [warning] 
[2026-02-07 08:17:37.126] [warning] [ffmpeg] [in_0 @ 0x13c1287fcb0] filter context - w: 1920 h: 1080 fmt: 187 csp: unknown range: unknown alpha: unspecified, incoming frame - w: 1920 h: 1080 fmt: 187 csp: bt709 range: tv alpha: unspecified pts_time: 0
[2026-02-07 08:17:37.126] [warning] 
[2026-02-07 08:17:38.383] [warning] [ffmpeg] [in_0 @ 0x13c13241e10] Changing video frame properties on the fly is not supported by all filters.
[2026-02-07 08:17:38.383] [warning] 
[2026-02-07 08:17:38.383] [warning] [ffmpeg] [in_0 @ 0x13c13241e10] filter context - w: 1920 h: 1080 fmt: 187 csp: unknown range: unknown alpha: unspecified, incoming frame - w: 1920 h: 1080 fmt: 187 csp: bt709 range: tv alpha: unspecified pts_time: 0
[2026-02-07 08:17:38.383] [warning] 
[2026-02-07 08:17:39.643] [warning] [ffmpeg] [in_0 @ 0x13c13189990] Changing video frame properties on the fly is not supported by all filters.
[2026-02-07 08:17:39.643] [warning] 
[2026-02-07 08:17:39.643] [warning] [ffmpeg] [in_0 @ 0x13c13189990] filter context - w: 1920 h: 1080 fmt: 187 csp: unknown range: unknown alpha: unspecified, incoming frame - w: 1920 h: 1080 fmt: 187 csp: bt709 range: tv alpha: unspecified pts_time: 0
[2026-02-07 08:17:39.643] [warning] 
[2026-02-07 08:17:40.904] [warning] [ffmpeg] [in_0 @ 0x13c131c8a20] Changing video frame properties on the fly is not supported by all filters.
[2026-02-07 08:17:40.904] [warning] 
[2026-02-07 08:17:40.904] [warning] [ffmpeg] [in_0 @ 0x13c131c8a20] filter context - w: 1920 h: 1080 fmt: 187 csp: unknown range: unknown alpha: unspecified, incoming frame - w: 1920 h: 1080 fmt: 187 csp: bt709 range: tv alpha: unspecified pts_time: 0
[2026-02-07 08:17:40.904] [warning] 
[2026-02-07 08:17:41.693] [warning] [ffmpeg] [out @ 0x13c1287d9c0] The "all_channel_counts" option is deprecated: accept all channel counts
[2026-02-07 08:17:41.693] [warning] 
[2026-02-07 08:17:41.717] [warning] [ffmpeg] [in_0 @ 0x13c13124b90] Changing video frame properties on the fly is not supported by all filters.
[2026-02-07 08:17:41.717] [warning] 
[2026-02-07 08:17:41.717] [warning] [ffmpeg] [in_0 @ 0x13c13124b90] filter context - w: 1280 h: 720 fmt: 0 csp: unknown range: unknown alpha: unspecified, incoming frame - w: 1280 h: 720 fmt: 0 csp: bt709 range: tv alpha: unspecified pts_time: 0
[2026-02-07 08:17:41.717] [warning] 
[2026-02-07 08:17:42.161] [warning] [ffmpeg] [in_0 @ 0x13c13248bc0] Changing video frame properties on the fly is not supported by all filters.
[2026-02-07 08:17:42.161] [warning] 
[2026-02-07 08:17:42.161] [warning] [ffmpeg] [in_0 @ 0x13c13248bc0] filter context - w: 1920 h: 1080 fmt: 187 csp: unknown range: unknown alpha: unspecified, incoming frame - w: 1920 h: 1080 fmt: 187 csp: bt709 range: tv alpha: unspecified pts_time: 0
[2026-02-07 08:17:42.161] [warning] 
[2026-02-07 08:17:43.423] [warning] [ffmpeg] [in_0 @ 0x13c1333ec70] Changing video frame properties on the fly is not supported by all filters.
[2026-02-07 08:17:43.423] [warning] 
[2026-02-07 08:17:43.423] [warning] [ffmpeg] [in_0 @ 0x13c1333ec70] filter context - w: 1920 h: 1080 fmt: 187 csp: unknown range: unknown alpha: unspecified, incoming frame - w: 1920 h: 1080 fmt: 187 csp: bt709 range: tv alpha: unspecified pts_time: 0
[2026-02-07 08:17:43.423] [warning] 
[2026-02-07 08:17:44.681] [warning] [ffmpeg] [in_0 @ 0x13c13245fe0] Changing video frame properties on the fly is not supported by all filters.
[2026-02-07 08:17:44.681] [warning] 
[2026-02-07 08:17:44.681] [warning] [ffmpeg] [in_0 @ 0x13c13245fe0] filter context - w: 1920 h: 1080 fmt: 187 csp: unknown range: unknown alpha: unspecified, incoming frame - w: 1920 h: 1080 fmt: 187 csp: bt709 range: tv alpha: unspecified pts_time: 0
[2026-02-07 08:17:44.681] [warning] 
[2026-02-07 08:17:45.942] [warning] [ffmpeg] [in_0 @ 0x13c131ccb20] Changing video frame properties on the fly is not supported by all filters.
[2026-02-07 08:17:45.942] [warning] 
[2026-02-07 08:17:45.942] [warning] [ffmpeg] [in_0 @ 0x13c131ccb20] filter context - w: 1920 h: 1080 fmt: 187 csp: unknown range: unknown alpha: unspecified, incoming frame - w: 1920 h: 1080 fmt: 187 csp: bt709 range: tv alpha: unspecified pts_time: 0
[2026-02-07 08:17:45.942] [warning] 
[2026-02-07 08:17:46.481] [info]    [mixer] Processing 2 frames for channel 1
[2026-02-07 08:17:47.205] [warning] [ffmpeg] [in_0 @ 0x13c131853b0] Changing video frame properties on the fly is not supported by all filters.
[2026-02-07 08:17:47.205] [warning] 
[2026-02-07 08:17:47.205] [warning] [ffmpeg] [in_0 @ 0x13c131853b0] filter context - w: 1920 h: 1080 fmt: 187 csp: unknown range: unknown alpha: unspecified, incoming frame - w: 1920 h: 1080 fmt: 187 csp: bt709 range: tv alpha: unspecified pts_time: 0
[2026-02-07 08:17:47.205] [warning] 
[2026-02-07 08:17:48.463] [warning] [ffmpeg] [in_0 @ 0x13c13189b30] Changing video frame properties on the fly is not supported by all filters.
[2026-02-07 08:17:48.463] [warning] 
[2026-02-07 08:17:48.463] [warning] [ffmpeg] [in_0 @ 0x13c13189b30] filter context - w: 1920 h: 1080 fmt: 187 csp: unknown range: unknown alpha: unspecified, incoming frame - w: 1920 h: 1080 fmt: 187 csp: bt709 range: tv alpha: unspecified pts_time: 0
[2026-02-07 08:17:48.463] [warning] 
[2026-02-07 08:17:49.720] [warning] [ffmpeg] [in_0 @ 0x13c131c05b0] Changing video frame properties on the fly is not supported by all filters.
[2026-02-07 08:17:49.720] [warning] 
[2026-02-07 08:17:49.720] [warning] [ffmpeg] [in_0 @ 0x13c131c05b0] filter context - w: 1920 h: 1080 fmt: 187 csp: unknown range: unknown alpha: unspecified, incoming frame - w: 1920 h: 1080 fmt: 187 csp: bt709 range: tv alpha: unspecified pts_time: 0
[2026-02-07 08:17:49.720] [warning] 
[2026-02-07 08:17:50.985] [warning] [ffmpeg] [in_0 @ 0x13c1312ca50] Changing video frame properties on the fly is not supported by all filters.
[2026-02-07 08:17:50.985] [warning] 
[2026-02-07 08:17:50.985] [warning] [ffmpeg] [in_0 @ 0x13c1312ca50] filter context - w: 1920 h: 1080 fmt: 187 csp: unknown range: unknown alpha: unspecified, incoming frame - w: 1920 h: 1080 fmt: 187 csp: bt709 range: tv alpha: unspecified pts_time: 0
[2026-02-07 08:17:50.985] [warning] 
[2026-02-07 08:17:52.241] [warning] [ffmpeg] [in_0 @ 0x13c1318f970] Changing video frame properties on the fly is not supported by all filters.
[2026-02-07 08:17:52.241] [warning] 
[2026-02-07 08:17:52.241] [warning] [ffmpeg] [in_0 @ 0x13c1318f970] filter context - w: 1920 h: 1080 fmt: 187 csp: unknown range: unknown alpha: unspecified, incoming frame - w: 1920 h: 1080 fmt: 187 csp: bt709 range: tv alpha: unspecified pts_time: 0
[2026-02-07 08:17:52.241] [warning] 
[2026-02-07 08:17:53.502] [warning] [ffmpeg] [in_0 @ 0x13c13120ea0] Changing video frame properties on the fly is not supported by all filters.
[2026-02-07 08:17:53.502] [warning] 
[2026-02-07 08:17:53.502] [warning] [ffmpeg] [in_0 @ 0x13c13120ea0] filter context - w: 1920 h: 1080 fmt: 187 csp: unknown range: unknown alpha: unspecified, incoming frame - w: 1920 h: 1080 fmt: 187 csp: bt709 range: tv alpha: unspecified pts_time: 0
[2026-02-07 08:17:53.502] [warning] 
[2026-02-07 08:17:54.761] [warning] [ffmpeg] [in_0 @ 0x13c131cb530] Changing video frame properties on the fly is not supported by all filters.
[2026-02-07 08:17:54.761] [warning] 
[2026-02-07 08:17:54.761] [warning] [ffmpeg] [in_0 @ 0x13c131cb530] filter context - w: 1920 h: 1080 fmt: 187 csp: unknown range: unknown alpha: unspecified, incoming frame - w: 1920 h: 1080 fmt: 187 csp: bt709 range: tv alpha: unspecified pts_time: 0
[2026-02-07 08:17:54.761] [warning] 
[2026-02-07 08:17:56.024] [warning] [ffmpeg] [in_0 @ 0x13c1287a830] Changing video frame properties on the fly is not supported by all filters.
[2026-02-07 08:17:56.024] [warning] 
[2026-02-07 08:17:56.025] [warning] [ffmpeg] [in_0 @ 0x13c1287a830] filter context - w: 1920 h: 1080 fmt: 187 csp: unknown range: unknown alpha: unspecified, incoming frame - w: 1920 h: 1080 fmt: 187 csp: bt709 range: tv alpha: unspecified pts_time: 0
[2026-02-07 08:17:56.025] [warning] 
[2026-02-07 08:17:56.411] [warning] [ffmpeg] [out @ 0x13c1312fb10] The "all_channel_counts" option is deprecated: accept all channel counts
[2026-02-07 08:17:56.411] [warning] 
[2026-02-07 08:17:56.432] [warning] [ffmpeg] [in_0 @ 0x13c09ed8610] Changing video frame properties on the fly is not supported by all filters.
[2026-02-07 08:17:56.432] [warning] 
[2026-02-07 08:17:56.432] [warning] [ffmpeg] [in_0 @ 0x13c09ed8610] filter context - w: 1280 h: 720 fmt: 0 csp: unknown range: unknown alpha: unspecified, incoming frame - w: 1280 h: 720 fmt: 0 csp: bt709 range: tv alpha: unspecified pts_time: 0
[2026-02-07 08:17:56.432] [warning] 
[2026-02-07 08:17:56.481] [info]    [mixer] Processing 2 frames for channel 1
[2026-02-07 08:17:57.318] [warning] [ffmpeg] [in_0 @ 0x13c13339e70] Changing video frame properties on the fly is not supported by all filters.
[2026-02-07 08:17:57.318] [warning] 
[2026-02-07 08:17:57.318] [warning] [ffmpeg] [in_0 @ 0x13c13339e70] filter context - w: 1920 h: 1080 fmt: 187 csp: unknown range: unknown alpha: unspecified, incoming frame - w: 1920 h: 1080 fmt: 187 csp: bt709 range: tv alpha: unspecified pts_time: 0
[2026-02-07 08:17:57.318] [warning] 
[2026-02-07 08:17:58.555] [warning] [ffmpeg] [in_0 @ 0x13c130a6f50] Changing video frame properties on the fly is not supported by all filters.
[2026-02-07 08:17:58.555] [warning] 
[2026-02-07 08:17:58.555] [warning] [ffmpeg] [in_0 @ 0x13c130a6f50] filter context - w: 1920 h: 1080 fmt: 187 csp: unknown range: unknown alpha: unspecified, incoming frame - w: 1920 h: 1080 fmt: 187 csp: bt709 range: tv alpha: unspecified pts_time: 0
[2026-02-07 08:17:58.555] [warning] 
[2026-02-07 08:17:59.802] [warning] [ffmpeg] [in_0 @ 0x13c1312cd90] Changing video frame properties on the fly is not supported by all filters.
[2026-02-07 08:17:59.802] [warning] 
[2026-02-07 08:17:59.802] [warning] [ffmpeg] [in_0 @ 0x13c1312cd90] filter context - w: 1920 h: 1080 fmt: 187 csp: unknown range: unknown alpha: unspecified, incoming frame - w: 1920 h: 1080 fmt: 187 csp: bt709 range: tv alpha: unspecified pts_time: 0
[2026-02-07 08:17:59.802] [warning] 
[2026-02-07 08:18:01.118] [warning] [ffmpeg] [in_0 @ 0x13c131c2150] Changing video frame properties on the fly is not supported by all filters.
[2026-02-07 08:18:01.118] [warning] 
[2026-02-07 08:18:01.118] [warning] [ffmpeg] [in_0 @ 0x13c131c2150] filter context - w: 1920 h: 1080 fmt: 187 csp: unknown range: unknown alpha: unspecified, incoming frame - w: 1920 h: 1080 fmt: 187 csp: bt709 range: tv alpha: unspecified pts_time: 0
[2026-02-07 08:18:01.118] [warning] 
[2026-02-07 08:18:02.319] [warning] [ffmpeg] [in_0 @ 0x13c13123810] Changing video frame properties on the fly is not supported by all filters.
[2026-02-07 08:18:02.319] [warning] 
[2026-02-07 08:18:02.320] [warning] [ffmpeg] [in_0 @ 0x13c13123810] filter context - w: 1920 h: 1080 fmt: 187 csp: unknown range: unknown alpha: unspecified, incoming frame - w: 1920 h: 1080 fmt: 187 csp: bt709 range: tv alpha: unspecified pts_time: 0
[2026-02-07 08:18:02.320] [warning] 
[2026-02-07 08:18:02.668] [info]    Received message from Console: q\r\n
[2026-02-07 08:18:02.675] [info]    Main thread exiting event loop
[2026-02-07 08:18:02.676] [info]    video_channel[1|1080p5000] Uninitializing.
[2026-02-07 08:18:02.676] [info]    [asio] Shutting down global io_context.
[2026-02-07 08:18:02.676] [info]    [asio] Global io_context uninitialized.
[2026-02-07 08:18:02.783] [warning] [vk::screen] poll() timed out waiting for main thread
[2026-02-07 08:18:02.787] [info]    [vk::swapchain] Vulkan swapchain destroyed
[2026-02-07 08:18:02.790] [info]    Vulkan Device destroyed.
[2026-02-07 08:18:03.791] [warning] Screen consumer [1|1080p5000] GLFW cleanup timed out - main thread may be blocked
[2026-02-07 08:18:03.791] [info]    Screen consumer [1|1080p5000] Uninitialized.
[2026-02-07 08:18:03.800] [info]    coreaudio[1|1080p5000] Uninitialized.
[2026-02-07 08:18:03.836] [info]    Vulkan Device destroyed.
[2026-02-07 08:18:03.836] [info]    Successfully shutdown CasparCG Server.
